Component: ARM Compiler 5.06 update 5 (build 528) Tool: armlink [4d35e2]

==============================================================================

Section Cross References

    stm32f10x_adc.o(i.ADC_DeInit) refers to stm32f10x_rcc.o(i.RCC_APB2PeriphResetCmd) for RCC_APB2PeriphResetCmd
    stm32f10x_bkp.o(i.BKP_DeInit) refers to stm32f10x_rcc.o(i.RCC_BackupResetCmd) for RCC_BackupResetCmd
    stm32f10x_can.o(i.CAN_DeInit) refers to stm32f10x_rcc.o(i.RCC_APB1PeriphResetCmd) for RCC_APB1PeriphResetCmd
    stm32f10x_can.o(i.CAN_GetITStatus) refers to stm32f10x_can.o(i.CheckITStatus) for CheckITStatus
    stm32f10x_cec.o(i.CEC_DeInit) refers to stm32f10x_rcc.o(i.RCC_APB1PeriphResetCmd) for RCC_APB1PeriphResetCmd
    stm32f10x_dac.o(i.DAC_DeInit) refers to stm32f10x_rcc.o(i.RCC_APB1PeriphResetCmd) for RCC_APB1PeriphResetCmd
    stm32f10x_flash.o(i.FLASH_EnableWriteProtection) refers to stm32f10x_flash.o(i.FLASH_WaitForLastOperation) for FLASH_WaitForLastOperation
    stm32f10x_flash.o(i.FLASH_EraseAllBank1Pages) refers to stm32f10x_flash.o(i.FLASH_WaitForLastBank1Operation) for FLASH_WaitForLastBank1Operation
    stm32f10x_flash.o(i.FLASH_EraseAllPages) refers to stm32f10x_flash.o(i.FLASH_WaitForLastOperation) for FLASH_WaitForLastOperation
    stm32f10x_flash.o(i.FLASH_EraseOptionBytes) refers to stm32f10x_flash.o(i.FLASH_GetReadOutProtectionStatus) for FLASH_GetReadOutProtectionStatus
    stm32f10x_flash.o(i.FLASH_EraseOptionBytes) refers to stm32f10x_flash.o(i.FLASH_WaitForLastOperation) for FLASH_WaitForLastOperation
    stm32f10x_flash.o(i.FLASH_ErasePage) refers to stm32f10x_flash.o(i.FLASH_WaitForLastOperation) for FLASH_WaitForLastOperation
    stm32f10x_flash.o(i.FLASH_ProgramHalfWord) refers to stm32f10x_flash.o(i.FLASH_WaitForLastOperation) for FLASH_WaitForLastOperation
    stm32f10x_flash.o(i.FLASH_ProgramOptionByteData) refers to stm32f10x_flash.o(i.FLASH_WaitForLastOperation) for FLASH_WaitForLastOperation
    stm32f10x_flash.o(i.FLASH_ProgramWord) refers to stm32f10x_flash.o(i.FLASH_WaitForLastOperation) for FLASH_WaitForLastOperation
    stm32f10x_flash.o(i.FLASH_ReadOutProtection) refers to stm32f10x_flash.o(i.FLASH_WaitForLastOperation) for FLASH_WaitForLastOperation
    stm32f10x_flash.o(i.FLASH_UserOptionByteConfig) refers to stm32f10x_flash.o(i.FLASH_WaitForLastOperation) for FLASH_WaitForLastOperation
    stm32f10x_flash.o(i.FLASH_WaitForLastBank1Operation) refers to stm32f10x_flash.o(i.FLASH_GetBank1Status) for FLASH_GetBank1Status
    stm32f10x_flash.o(i.FLASH_WaitForLastOperation) refers to stm32f10x_flash.o(i.FLASH_GetBank1Status) for FLASH_GetBank1Status
    stm32f10x_gpio.o(i.GPIO_AFIODeInit) refers to stm32f10x_rcc.o(i.RCC_APB2PeriphResetCmd) for RCC_APB2PeriphResetCmd
    stm32f10x_gpio.o(i.GPIO_DeInit) refers to stm32f10x_rcc.o(i.RCC_APB2PeriphResetCmd) for RCC_APB2PeriphResetCmd
    stm32f10x_i2c.o(i.I2C_DeInit) refers to stm32f10x_rcc.o(i.RCC_APB1PeriphResetCmd) for RCC_APB1PeriphResetCmd
    stm32f10x_i2c.o(i.I2C_Init) refers to stm32f10x_rcc.o(i.RCC_GetClocksFreq) for RCC_GetClocksFreq
    stm32f10x_pwr.o(i.PWR_DeInit) refers to stm32f10x_rcc.o(i.RCC_APB1PeriphResetCmd) for RCC_APB1PeriphResetCmd
    stm32f10x_rcc.o(i.RCC_GetClocksFreq) refers to stm32f10x_rcc.o(.data) for APBAHBPrescTable
    stm32f10x_rcc.o(i.RCC_WaitForHSEStartUp) refers to stm32f10x_rcc.o(i.RCC_GetFlagStatus) for RCC_GetFlagStatus
    stm32f10x_rtc.o(i.RTC_SetAlarm) refers to stm32f10x_rtc.o(i.RTC_EnterConfigMode) for RTC_EnterConfigMode
    stm32f10x_rtc.o(i.RTC_SetAlarm) refers to stm32f10x_rtc.o(i.RTC_ExitConfigMode) for RTC_ExitConfigMode
    stm32f10x_rtc.o(i.RTC_SetCounter) refers to stm32f10x_rtc.o(i.RTC_EnterConfigMode) for RTC_EnterConfigMode
    stm32f10x_rtc.o(i.RTC_SetCounter) refers to stm32f10x_rtc.o(i.RTC_ExitConfigMode) for RTC_ExitConfigMode
    stm32f10x_rtc.o(i.RTC_SetPrescaler) refers to stm32f10x_rtc.o(i.RTC_EnterConfigMode) for RTC_EnterConfigMode
    stm32f10x_rtc.o(i.RTC_SetPrescaler) refers to stm32f10x_rtc.o(i.RTC_ExitConfigMode) for RTC_ExitConfigMode
    stm32f10x_spi.o(i.I2S_Init) refers to stm32f10x_rcc.o(i.RCC_GetClocksFreq) for RCC_GetClocksFreq
    stm32f10x_spi.o(i.SPI_I2S_DeInit) refers to stm32f10x_rcc.o(i.RCC_APB2PeriphResetCmd) for RCC_APB2PeriphResetCmd
    stm32f10x_spi.o(i.SPI_I2S_DeInit) refers to stm32f10x_rcc.o(i.RCC_APB1PeriphResetCmd) for RCC_APB1PeriphResetCmd
    stm32f10x_tim.o(i.TIM_DeInit) refers to stm32f10x_rcc.o(i.RCC_APB2PeriphResetCmd) for RCC_APB2PeriphResetCmd
    stm32f10x_tim.o(i.TIM_DeInit) refers to stm32f10x_rcc.o(i.RCC_APB1PeriphResetCmd) for RCC_APB1PeriphResetCmd
    stm32f10x_tim.o(i.TIM_ETRClockMode1Config) refers to stm32f10x_tim.o(i.TIM_ETRConfig) for TIM_ETRConfig
    stm32f10x_tim.o(i.TIM_ETRClockMode2Config) refers to stm32f10x_tim.o(i.TIM_ETRConfig) for TIM_ETRConfig
    stm32f10x_tim.o(i.TIM_ICInit) refers to stm32f10x_tim.o(i.TI1_Config) for TI1_Config
[...]
    Removing dfltui.o(.text), (26 bytes).
    Removing ffixi.o(.text), (50 bytes).
    Removing cdrcmple.o(.text), (48 bytes).
    Removing fepilogue.o(.text), (110 bytes).
    Removing depilogue.o(.text), (186 bytes).
    Removing dfixul.o(.text), (48 bytes).
    Removing bsp_ili9341_lcd.o(i.ILI9341_Write_Cmd), (8 bytes).
    Removing bsp_ili9341_lcd.o(i.ILI9341_Write_Data), (12 bytes).
    Removing bsp_ili9341_lcd.o(i.ILI9341_Read_Data), (12 bytes).

2625 unused section(s) (total 468890 bytes) removed from the image.

==============================================================================

Image Symbol Table

    Local Symbols

    Symbol Name                              Value     Ov Type        Size  Object(Section)

    ../clib/microlib/division.c              0x00000000   Number         0  uldiv.o ABSOLUTE
    ../clib/microlib/division.c              0x00000000   Number         0  uidiv.o ABSOLUTE
    ../clib/microlib/init/entry.s            0x00000000   Number         0  entry5.o ABSOLUTE
    ../clib/microlib/init/entry.s            0x00000000   Number         0  entry11b.o ABSOLUTE
    ../clib/microlib/init/entry.s            0x00000000   Number         0  entry11a.o ABSOLUTE
    ../clib/microlib/init/entry.s            0x00000000   Number         0  entry10b.o ABSOLUTE
    ../clib/microlib/init/entry.s            0x00000000   Number         0  entry10a.o ABSOLUTE
    ../clib/microlib/init/entry.s            0x00000000   Number         0  entry9b.o ABSOLUTE
    ../clib/microlib/init/entry.s            0x00000000   Number         0  entry9a.o ABSOLUTE
    ../clib/microlib/init/entry.s            0x00000000   Number         0  entry8b.o ABSOLUTE
    ../clib/microlib/init/entry.s            0x00000000   Number         0  entry8a.o ABSOLUTE
    ../clib/microlib/init/entry.s            0x00000000   Number         0  entry7b.o ABSOLUTE
    ../clib/microlib/init/entry.s            0x00000000   Number         0  entry7a.o ABSOLUTE
    ../clib/microlib/init/entry.s            0x00000000   Number         0  entry.o ABSOLUTE
    ../clib/microlib/init/entry.s            0x00000000   Number         0  entry2.o ABSOLUTE
    ../clib/microlib/longlong.c              0x00000000   Number         0  llsshr.o ABSOLUTE
    ../clib/microlib/longlong.c              0x00000000   Number         0  llushr.o ABSOLUTE
    ../clib/microlib/longlong.c              0x00000000   Number         0  llshl.o ABSOLUTE
    ../clib/microlib/printf/printf.c         0x00000000   Number         0  printfb.o ABSOLUTE
    ../clib/microlib/printf/printf.c         0x00000000   Number         0  printf6.o ABSOLUTE
    ../clib/microlib/printf/printf.c         0x00000000   Number         0  printfa.o ABSOLUTE
    ../clib/microlib/printf/printf.c         0x00000000   Number         0  printf8.o ABSOLUTE
    ../clib/microlib/printf/printf.c         0x00000000   Number         0  printf7.o ABSOLUTE
    ../clib/microlib/printf/printf.c         0x00000000   Number         0  printf5.o ABSOLUTE
    ../clib/microlib/printf/printf.c         0x00000000   Number         0  printf4.o ABSOLUTE
    ../clib/microlib/printf/printf.c         0x00000000   Number         0  printf3.o ABSOLUTE
    ../clib/microlib/printf/printf.c         0x00000000   Number         0  printf2.o ABSOLUTE
    ../clib/microlib/printf/printf.c         0x00000000   Number         0  printf1.o ABSOLUTE
    ../clib/microlib/printf/printf.c         0x00000000   Number         0  printf0.o ABSOLUTE
    ../clib/microlib/printf/stubs.s          0x00000000   Number         0  stubs.o ABSOLUTE
    ../clib/microlib/stdio/streams.c         0x00000000   Number         0  stdout.o ABSOLUTE
    ../clib/microlib/string/memcmp.c         0x00000000   Number         0  memcmp.o ABSOLUTE
    ../clib/microlib/string/memcpy.c         0x00000000   Number         0  memcpyb.o ABSOLUTE
    ../clib/microlib/string/memcpy.c         0x00000000   Number         0  memcpya.o ABSOLUTE
    ../clib/microlib/string/memset.c         0x00000000   Number         0  memseta.o ABSOLUTE
    ../clib/microlib/string/strcat.c         0x00000000   Number         0  strcat.o ABSOLUTE
    ../clib/microlib/string/strcmp.c         0x00000000   Number         0  strcmp.o ABSOLUTE
    ../clib/microlib/string/strcpy.c         0x00000000   Number         0  strcpy.o ABSOLUTE
    ../clib/microlib/string/strlen.c         0x00000000   Number         0  strlen.o ABSOLUTE
    ../clib/microlib/stubs.s                 0x00000000   Number         0  iusefp.o ABSOLUTE
    ../clib/microlib/time/localtime.c        0x00000000   Number         0  localtime_w.o ABSOLUTE
    ../clib/microlib/time/localtime.c        0x00000000   Number         0  localtime.o ABSOLUTE
    ../clib/microlib/time/localtime.c        0x00000000   Number         0  localtime_i.o ABSOLUTE
    ../clib/microlib/time/mktime.c           0x00000000   Number         0  mktime.o ABSOLUTE
    ../fplib/microlib/fpadd.c                0x00000000   Number         0  dadd.o ABSOLUTE
    ../fplib/microlib/fpadd.c                0x00000000   Number         0  fadd.o ABSOLUTE
    ../fplib/microlib/fpdiv.c                0x00000000   Number         0  ddiv.o ABSOLUTE
    ../fplib/microlib/fpepilogue.c           0x00000000   Number         0  depilogue.o ABSOLUTE
    ../fplib/microlib/fpepilogue.c           0x00000000   Number         0  fepilogue.o ABSOLUTE
    ../fplib/microlib/fpfix.c                0x00000000   Number         0  dfixul.o ABSOLUTE
    ../fplib/microlib/fpfix.c                0x00000000   Number         0  ffixi.o ABSOLUTE
    ../fplib/microlib/fpflt.c                0x00000000   Number         0  fflti.o ABSOLUTE
    ../fplib/microlib/fpflt.c                0x00000000   Number         0  dfltui.o ABSOLUTE
    ../fplib/microlib/fpmul.c                0x00000000   Number         0  fmul.o ABSOLUTE
    ../fplib/microlib/fpmul.c                0x00000000   Number         0  dmul.o ABSOLUTE
    BSP\bsp_ili9341_lcd.c                    0x00000000   Number         0  bsp_ili9341_lcd.o ABSOLUTE
    BSP\bsp_spi.c                            0x00000000   Number         0  bsp_spi.o ABSOLUTE
    BSP\bsp_usart.c                          0x00000000   Number         0  bsp_usart.o ABSOLUTE
    BSP\bsp_xpt2046_lcd.c                    0x00000000   Number         0  bsp_xpt2046_lcd.o ABSOLUTE
    Drier\W25Q64.c                           0x00000000   Number         0  w25q64.o ABSOLUTE
    FreeRTOS\\portable\\port.c               0x00000000   Number         0  port.o ABSOLUTE
    FreeRTOS\portable\heap_4.c               0x00000000   Number         0  heap_4.o ABSOLUTE
    FreeRTOS\portable\port.c                 0x00000000   Number         0  port.o ABSOLUTE
    FreeRTOS\src\croutine.c                  0x00000000   Number         0  croutine.o ABSOLUTE
    FreeRTOS\src\event_groups.c              0x00000000   Number         0  event_groups.o ABSOLUTE
    FreeRTOS\src\list.c                      0x00000000   Number         0  list.o ABSOLUTE
    FreeRTOS\src\queue.c                     0x00000000   Number         0  queue.o ABSOLUTE
    FreeRTOS\src\tasks.c                     0x00000000   Number         0  tasks.o ABSOLUTE
    FreeRTOS\src\timers.c                    0x00000000   Number         0  timers.o ABSOLUTE
    LVGL\port\lv_port_disp_template.c        0x00000000   Number         0  lv_port_disp_template.o ABSOLUTE
    LVGL\port\lv_port_fs_template.c          0x00000000   Number         0  lv_port_fs_template.o ABSOLUTE
    LVGL\port\lv_port_indev_template.c       0x00000000   Number         0  lv_port_indev_template.o ABSOLUTE
    LVGL\src\core\lv_disp.c                  0x00000000   Number         0  lv_disp.o ABSOLUTE
    LVGL\src\core\lv_event.c                 0x00000000   Number         0  lv_event.o ABSOLUTE
    LVGL\src\core\lv_group.c                 0x00000000   Number         0  lv_group.o ABSOLUTE
    LVGL\src\core\lv_indev.c                 0x00000000   Number         0  lv_indev.o ABSOLUTE
    LVGL\src\core\lv_indev_scroll.c          0x00000000   Number         0  lv_indev_scroll.o ABSOLUTE
    LVGL\src\core\lv_obj.c                   0x00000000   Number         0  lv_obj.o ABSOLUTE
    LVGL\src\core\lv_obj_class.c             0x00000000   Number         0  lv_obj_class.o ABSOLUTE
    LVGL\src\core\lv_obj_draw.c              0x00000000   Number         0  lv_obj_draw.o ABSOLUTE
    LVGL\src\core\lv_obj_pos.c               0x00000000   Number         0  lv_obj_pos.o ABSOLUTE
    LVGL\src\core\lv_obj_scroll.c            0x00000000   Number         0  lv_obj_scroll.o ABSOLUTE
    LVGL\src\core\lv_obj_style.c             0x00000000   Number         0  lv_obj_style.o ABSOLUTE
    LVGL\src\core\lv_obj_style_gen.c         0x00000000   Number         0  lv_obj_style_gen.o ABSOLUTE
    LVGL\src\core\lv_obj_tree.c              0x00000000   Number         0  lv_obj_tree.o ABSOLUTE
    LVGL\src\core\lv_refr.c                  0x00000000   Number         0  lv_refr.o ABSOLUTE
    LVGL\src\core\lv_theme.c                 0x00000000   Number         0  lv_theme.o ABSOLUTE
    LVGL\src\draw\lv_draw.c                  0x00000000   Number         0  lv_draw.o ABSOLUTE
    LVGL\src\draw\lv_draw_arc.c              0x00000000   Number         0  lv_draw_arc.o ABSOLUTE
    LVGL\src\draw\lv_draw_img.c              0x00000000   Number         0  lv_draw_img.o ABSOLUTE
    LVGL\src\draw\lv_draw_label.c            0x00000000   Number         0  lv_draw_label.o ABSOLUTE
    LVGL\src\draw\lv_draw_line.c             0x00000000   Number         0  lv_draw_line.o ABSOLUTE
    LVGL\src\draw\lv_draw_mask.c             0x00000000   Number         0  lv_draw_mask.o ABSOLUTE
    LVGL\src\draw\lv_draw_rect.c             0x00000000   Number         0  lv_draw_rect.o ABSOLUTE
    LVGL\src\draw\lv_draw_triangle.c         0x00000000   Number         0  lv_draw_triangle.o ABSOLUTE
    LVGL\src\draw\lv_img_buf.c               0x00000000   Number         0  lv_img_buf.o ABSOLUTE
    LVGL\src\draw\lv_img_cache.c             0x00000000   Number         0  lv_img_cache.o ABSOLUTE
    LVGL\src\draw\lv_img_decoder.c           0x00000000   Number         0  lv_img_decoder.o ABSOLUTE
    LVGL\src\draw\nxp_pxp\lv_gpu_nxp_pxp.c   0x00000000   Number         0  lv_gpu_nxp_pxp.o ABSOLUTE
    LVGL\src\draw\nxp_pxp\lv_gpu_nxp_pxp_osa.c 0x00000000   Number         0  lv_gpu_nxp_pxp_osa.o ABSOLUTE
    LVGL\src\draw\nxp_vglite\lv_gpu_nxp_vglite.c 0x00000000   Number         0  lv_gpu_nxp_vglite.o ABSOLUTE
    LVGL\src\draw\sdl\lv_draw_sdl.c          0x00000000   Number         0  lv_draw_sdl.o ABSOLUTE
    LVGL\src\draw\sdl\lv_draw_sdl_arc.c      0x00000000   Number         0  lv_draw_sdl_arc.o ABSOLUTE
    LVGL\src\draw\sdl\lv_draw_sdl_bg.c       0x00000000   Number         0  lv_draw_sdl_bg.o ABSOLUTE
    LVGL\src\draw\sdl\lv_draw_sdl_composite.c 0x00000000   Number         0  lv_draw_sdl_composite.o ABSOLUTE
    LVGL\src\draw\sdl\lv_draw_sdl_img.c      0x00000000   Number         0  lv_draw_sdl_img.o ABSOLUTE
    LVGL\src\draw\sdl\lv_draw_sdl_label.c    0x00000000   Number         0  lv_draw_sdl_label.o ABSOLUTE
    LVGL\src\draw\sdl\lv_draw_sdl_line.c     0x00000000   Number         0  lv_draw_sdl_line.o ABSOLUTE
    LVGL\src\draw\sdl\lv_draw_sdl_mask.c     0x00000000   Number         0  lv_draw_sdl_mask.o ABSOLUTE
    LVGL\src\draw\sdl\lv_draw_sdl_polygon.c  0x00000000   Number         0  lv_draw_sdl_polygon.o ABSOLUTE
    LVGL\src\draw\sdl\lv_draw_sdl_rect.c     0x00000000   Number         0  lv_draw_sdl_rect.o ABSOLUTE
    LVGL\src\draw\sdl\lv_draw_sdl_stack_blur.c 0x00000000   Number         0  lv_draw_sdl_stack_blur.o ABSOLUTE
    LVGL\src\draw\sdl\lv_draw_sdl_texture_cache.c 0x00000000   Number         0  lv_draw_sdl_texture_cache.o ABSOLUTE
    LVGL\src\draw\sdl\lv_draw_sdl_utils.c    0x00000000   Number         0  lv_draw_sdl_utils.o ABSOLUTE
    LVGL\src\draw\stm32_dma2d\lv_gpu_stm32_dma2d.c 0x00000000   Number         0  lv_gpu_stm32_dma2d.o ABSOLUTE
    LVGL\src\draw\sw\lv_draw_sw.c            0x00000000   Number         0  lv_draw_sw.o ABSOLUTE
    LVGL\src\draw\sw\lv_draw_sw_arc.c        0x00000000   Number         0  lv_draw_sw_arc.o ABSOLUTE
    LVGL\src\draw\sw\lv_draw_sw_blend.c      0x00000000   Number         0  lv_draw_sw_blend.o ABSOLUTE
    LVGL\src\draw\sw\lv_draw_sw_dither.c     0x00000000   Number         0  lv_draw_sw_dither.o ABSOLUTE
    LVGL\src\draw\sw\lv_draw_sw_gradient.c   0x00000000   Number         0  lv_draw_sw_gradient.o ABSOLUTE
    LVGL\src\draw\sw\lv_draw_sw_img.c        0x00000000   Number         0  lv_draw_sw_img.o ABSOLUTE
    LVGL\src\draw\sw\lv_draw_sw_letter.c     0x00000000   Number         0  lv_draw_sw_letter.o ABSOLUTE
    LVGL\src\draw\sw\lv_draw_sw_line.c       0x00000000   Number         0  lv_draw_sw_line.o ABSOLUTE
    LVGL\src\draw\sw\lv_draw_sw_polygon.c    0x00000000   Number         0  lv_draw_sw_polygon.o ABSOLUTE
    LVGL\src\draw\sw\lv_draw_sw_rect.c       0x00000000   Number         0  lv_draw_sw_rect.o ABSOLUTE
    LVGL\src\extra\layouts\flex\lv_flex.c    0x00000000   Number         0  lv_flex.o ABSOLUTE
    LVGL\src\extra\layouts\grid\lv_grid.c    0x00000000   Number         0  lv_grid.o ABSOLUTE
    LVGL\src\extra\libs\bmp\lv_bmp.c         0x00000000   Number         0  lv_bmp.o ABSOLUTE
    LVGL\src\extra\libs\ffmpeg\lv_ffmpeg.c   0x00000000   Number         0  lv_ffmpeg.o ABSOLUTE
    LVGL\src\extra\libs\freetype\lv_freetype.c 0x00000000   Number         0  lv_freetype.o ABSOLUTE
    LVGL\src\extra\libs\fsdrv\lv_fs_fatfs.c  0x00000000   Number         0  lv_fs_fatfs.o ABSOLUTE
    LVGL\src\extra\libs\fsdrv\lv_fs_posix.c  0x00000000   Number         0  lv_fs_posix.o ABSOLUTE
    LVGL\src\extra\libs\fsdrv\lv_fs_stdio.c  0x00000000   Number         0  lv_fs_stdio.o ABSOLUTE
    LVGL\src\extra\libs\fsdrv\lv_fs_win32.c  0x00000000   Number         0  lv_fs_win32.o ABSOLUTE
    LVGL\src\extra\libs\gif\gifdec.c         0x00000000   Number         0  gifdec.o ABSOLUTE
    LVGL\src\extra\libs\gif\lv_gif.c         0x00000000   Number         0  lv_gif.o ABSOLUTE
    LVGL\src\extra\libs\png\lodepng.c        0x00000000   Number         0  lodepng.o ABSOLUTE
    LVGL\src\extra\libs\png\lv_png.c         0x00000000   Number         0  lv_png.o ABSOLUTE
    LVGL\src\extra\libs\qrcode\lv_qrcode.c   0x00000000   Number         0  lv_qrcode.o ABSOLUTE
    LVGL\src\extra\libs\rlottie\lv_rlottie.c 0x00000000   Number         0  lv_rlottie.o ABSOLUTE
    LVGL\src\extra\libs\sjpg\lv_sjpg.c       0x00000000   Number         0  lv_sjpg.o ABSOLUTE
    LVGL\src\extra\libs\sjpg\tjpgd.c         0x00000000   Number         0  tjpgd.o ABSOLUTE
    LVGL\src\extra\lv_extra.c                0x00000000   Number         0  lv_extra.o ABSOLUTE
    LVGL\src\extra\others\gridnav\lv_gridnav.c 0x00000000   Number         0  lv_gridnav.o ABSOLUTE
    LVGL\src\extra\others\monkey\lv_monkey.c 0x00000000   Number         0  lv_monkey.o ABSOLUTE
    LVGL\src\extra\others\snapshot\lv_snapshot.c 0x00000000   Number         0  lv_snapshot.o ABSOLUTE
    LVGL\src\extra\themes\basic\lv_theme_basic.c 0x00000000   Number         0  lv_theme_basic.o ABSOLUTE
    LVGL\src\extra\themes\default\lv_theme_default.c 0x00000000   Number         0  lv_theme_default.o ABSOLUTE
    LVGL\src\extra\themes\mono\lv_theme_mono.c 0x00000000   Number         0  lv_theme_mono.o ABSOLUTE
    LVGL\src\extra\widgets\animimg\lv_animimg.c 0x00000000   Number         0  lv_animimg.o ABSOLUTE
    LVGL\src\extra\widgets\calendar\lv_calendar.c 0x00000000   Number         0  lv_calendar.o ABSOLUTE
    LVGL\src\extra\widgets\calendar\lv_calendar_header_arrow.c 0x00000000   Number         0  lv_calendar_header_arrow.o ABSOLUTE
    LVGL\src\extra\widgets\calendar\lv_calendar_header_dropdown.c 0x00000000   Number         0  lv_calendar_header_dropdown.o ABSOLUTE
    LVGL\src\extra\widgets\chart\lv_chart.c  0x00000000   Number         0  lv_chart.o ABSOLUTE
    LVGL\src\extra\widgets\colorwheel\lv_colorwheel.c 0x00000000   Number         0  lv_colorwheel.o ABSOLUTE
    LVGL\src\extra\widgets\imgbtn\lv_imgbtn.c 0x00000000   Number         0  lv_imgbtn.o ABSOLUTE
    LVGL\src\extra\widgets\keyboard\lv_keyboard.c 0x00000000   Number         0  lv_keyboard.o ABSOLUTE
    LVGL\src\extra\widgets\led\lv_led.c      0x00000000   Number         0  lv_led.o ABSOLUTE
    LVGL\src\extra\widgets\list\lv_list.c    0x00000000   Number         0  lv_list.o ABSOLUTE
    LVGL\src\extra\widgets\menu\lv_menu.c    0x00000000   Number         0  lv_menu.o ABSOLUTE
    LVGL\src\extra\widgets\meter\lv_meter.c  0x00000000   Number         0  lv_meter.o ABSOLUTE
    LVGL\src\extra\widgets\msgbox\lv_msgbox.c 0x00000000   Number         0  lv_msgbox.o ABSOLUTE
    LVGL\src\extra\widgets\span\lv_span.c    0x00000000   Number         0  lv_span.o ABSOLUTE
    LVGL\src\extra\widgets\spinbox\lv_spinbox.c 0x00000000   Number         0  lv_spinbox.o ABSOLUTE
    LVGL\src\extra\widgets\spinner\lv_spinner.c 0x00000000   Number         0  lv_spinner.o ABSOLUTE
    LVGL\src\extra\widgets\tabview\lv_tabview.c 0x00000000   Number         0  lv_tabview.o ABSOLUTE
    LVGL\src\extra\widgets\tileview\lv_tileview.c 0x00000000   Number         0  lv_tileview.o ABSOLUTE
    LVGL\src\extra\widgets\win\lv_win.c      0x00000000   Number         0  lv_win.o ABSOLUTE
    LVGL\src\font\lv_font.c                  0x00000000   Number         0  lv_font.o ABSOLUTE
    LVGL\src\font\lv_font_dejavu_16_persian_hebrew.c 0x00000000   Number         0  lv_font_dejavu_16_persian_hebrew.o ABSOLUTE
    LVGL\src\font\lv_font_fmt_txt.c          0x00000000   Number         0  lv_font_fmt_txt.o ABSOLUTE
    LVGL\src\font\lv_font_loader.c           0x00000000   Number         0  lv_font_loader.o ABSOLUTE
    LVGL\src\font\lv_font_montserrat_10.c    0x00000000   Number         0  lv_font_montserrat_10.o ABSOLUTE
    LVGL\src\font\lv_font_montserrat_12.c    0x00000000   Number         0  lv_font_montserrat_12.o ABSOLUTE
    LVGL\src\font\lv_font_montserrat_12_subpx.c 0x00000000   Number         0  lv_font_montserrat_12_subpx.o ABSOLUTE
    LVGL\src\font\lv_font_montserrat_14.c    0x00000000   Number         0  lv_font_montserrat_14.o ABSOLUTE
    LVGL\src\font\lv_font_montserrat_16.c    0x00000000   Number         0  lv_font_montserrat_16.o ABSOLUTE
    LVGL\src\font\lv_font_montserrat_18.c    0x00000000   Number         0  lv_font_montserrat_18.o ABSOLUTE
    LVGL\src\font\lv_font_montserrat_20.c    0x00000000   Number         0  lv_font_montserrat_20.o ABSOLUTE
    LVGL\src\font\lv_font_montserrat_22.c    0x00000000   Number         0  lv_font_montserrat_22.o ABSOLUTE
    LVGL\src\font\lv_font_montserrat_24.c    0x00000000   Number         0  lv_font_montserrat_24.o ABSOLUTE
    LVGL\src\font\lv_font_montserrat_26.c    0x00000000   Number         0  lv_font_montserrat_26.o ABSOLUTE
    LVGL\src\font\lv_font_montserrat_28.c    0x00000000   Number         0  lv_font_montserrat_28.o ABSOLUTE
    LVGL\src\font\lv_font_montserrat_28_compressed.c 0x00000000   Number         0  lv_font_montserrat_28_compressed.o ABSOLUTE
    LVGL\src\font\lv_font_montserrat_30.c    0x00000000   Number         0  lv_font_montserrat_30.o ABSOLUTE
    LVGL\src\font\lv_font_montserrat_32.c    0x00000000   Number         0  lv_font_montserrat_32.o ABSOLUTE
    LVGL\src\font\lv_font_montserrat_34.c    0x00000000   Number         0  lv_font_montserrat_34.o ABSOLUTE
    LVGL\src\font\lv_font_montserrat_36.c    0x00000000   Number         0  lv_font_montserrat_36.o ABSOLUTE
    LVGL\src\font\lv_font_montserrat_38.c    0x00000000   Number         0  lv_font_montserrat_38.o ABSOLUTE
    LVGL\src\font\lv_font_montserrat_40.c    0x00000000   Number         0  lv_font_montserrat_40.o ABSOLUTE
    LVGL\src\font\lv_font_montserrat_42.c    0x00000000   Number         0  lv_font_montserrat_42.o ABSOLUTE
    LVGL\src\font\lv_font_montserrat_44.c    0x00000000   Number         0  lv_font_montserrat_44.o ABSOLUTE
    LVGL\src\font\lv_font_montserrat_46.c    0x00000000   Number         0  lv_font_montserrat_46.o ABSOLUTE
    LVGL\src\font\lv_font_montserrat_48.c    0x00000000   Number         0  lv_font_montserrat_48.o ABSOLUTE
    LVGL\src\font\lv_font_montserrat_8.c     0x00000000   Number         0  lv_font_montserrat_8.o ABSOLUTE
    LVGL\src\font\lv_font_simsun_16_cjk.c    0x00000000   Number         0  lv_font_simsun_16_cjk.o ABSOLUTE
    LVGL\src\font\lv_font_unscii_16.c        0x00000000   Number         0  lv_font_unscii_16.o ABSOLUTE
    LVGL\src\font\lv_font_unscii_8.c         0x00000000   Number         0  lv_font_unscii_8.o ABSOLUTE
    LVGL\src\hal\lv_hal_disp.c               0x00000000   Number         0  lv_hal_disp.o ABSOLUTE
    LVGL\src\hal\lv_hal_indev.c              0x00000000   Number         0  lv_hal_indev.o ABSOLUTE
    LVGL\src\hal\lv_hal_tick.c               0x00000000   Number         0  lv_hal_tick.o ABSOLUTE
    LVGL\src\misc\lv_anim.c                  0x00000000   Number         0  lv_anim.o ABSOLUTE
    LVGL\src\misc\lv_anim_timeline.c         0x00000000   Number         0  lv_anim_timeline.o ABSOLUTE
    LVGL\src\misc\lv_area.c                  0x00000000   Number         0  lv_area.o ABSOLUTE
    LVGL\src\misc\lv_async.c                 0x00000000   Number         0  lv_async.o ABSOLUTE
    LVGL\src\misc\lv_bidi.c                  0x00000000   Number         0  lv_bidi.o ABSOLUTE
    LVGL\src\misc\lv_color.c                 0x00000000   Number         0  lv_color.o ABSOLUTE
    LVGL\src\misc\lv_fs.c                    0x00000000   Number         0  lv_fs.o ABSOLUTE
    LVGL\src\misc\lv_gc.c                    0x00000000   Number         0  lv_gc.o ABSOLUTE
    LVGL\src\misc\lv_ll.c                    0x00000000   Number         0  lv_ll.o ABSOLUTE
    LVGL\src\misc\lv_log.c                   0x00000000   Number         0  lv_log.o ABSOLUTE
    LVGL\src\misc\lv_lru.c                   0x00000000   Number         0  lv_lru.o ABSOLUTE
    LVGL\src\misc\lv_math.c                  0x00000000   Number         0  lv_math.o ABSOLUTE
    LVGL\src\misc\lv_mem.c                   0x00000000   Number         0  lv_mem.o ABSOLUTE
    LVGL\src\misc\lv_printf.c                0x00000000   Number         0  lv_printf.o ABSOLUTE
    LVGL\src\misc\lv_style.c                 0x00000000   Number         0  lv_style.o ABSOLUTE
    LVGL\src\misc\lv_style_gen.c             0x00000000   Number         0  lv_style_gen.o ABSOLUTE
    LVGL\src\misc\lv_templ.c                 0x00000000   Number         0  lv_templ.o ABSOLUTE
    LVGL\src\misc\lv_timer.c                 0x00000000   Number         0  lv_timer.o ABSOLUTE
    LVGL\src\misc\lv_tlsf.c                  0x00000000   Number         0  lv_tlsf.o ABSOLUTE
    LVGL\src\misc\lv_txt.c                   0x00000000   Number         0  lv_txt.o ABSOLUTE
    LVGL\src\misc\lv_txt_ap.c                0x00000000   Number         0  lv_txt_ap.o ABSOLUTE
    LVGL\src\misc\lv_utils.c                 0x00000000   Number         0  lv_utils.o ABSOLUTE
    LVGL\src\widgets\lv_arc.c                0x00000000   Number         0  lv_arc.o ABSOLUTE
    LVGL\src\widgets\lv_bar.c                0x00000000   Number         0  lv_bar.o ABSOLUTE
    LVGL\src\widgets\lv_btn.c                0x00000000   Number         0  lv_btn.o ABSOLUTE
    LVGL\src\widgets\lv_btnmatrix.c          0x00000000   Number         0  lv_btnmatrix.o ABSOLUTE
    LVGL\src\widgets\lv_canvas.c             0x00000000   Number         0  lv_canvas.o ABSOLUTE
    LVGL\src\widgets\lv_checkbox.c           0x00000000   Number         0  lv_checkbox.o ABSOLUTE
    LVGL\src\widgets\lv_dropdown.c           0x00000000   Number         0  lv_dropdown.o ABSOLUTE
    LVGL\src\widgets\lv_img.c                0x00000000   Number         0  lv_img.o ABSOLUTE
    LVGL\src\widgets\lv_label.c              0x00000000   Number         0  lv_label.o ABSOLUTE
    LVGL\src\widgets\lv_line.c               0x00000000   Number         0  lv_line.o ABSOLUTE
    LVGL\src\widgets\lv_objx_templ.c         0x00000000   Number         0  lv_objx_templ.o ABSOLUTE
    LVGL\src\widgets\lv_roller.c             0x00000000   Number         0  lv_roller.o ABSOLUTE
    LVGL\src\widgets\lv_slider.c             0x00000000   Number         0  lv_slider.o ABSOLUTE
    LVGL\src\widgets\lv_switch.c             0x00000000   Number         0  lv_switch.o ABSOLUTE
    LVGL\src\widgets\lv_table.c              0x00000000   Number         0  lv_table.o ABSOLUTE
    LVGL\src\widgets\lv_textarea.c           0x00000000   Number         0  lv_textarea.o ABSOLUTE
    Library\misc.c                           0x00000000   Number         0  misc.o ABSOLUTE
    Library\stm32f10x_adc.c                  0x00000000   Number         0  stm32f10x_adc.o ABSOLUTE
    Library\stm32f10x_bkp.c                  0x00000000   Number         0  stm32f10x_bkp.o ABSOLUTE
    Library\stm32f10x_can.c                  0x00000000   Number         0  stm32f10x_can.o ABSOLUTE
    Library\stm32f10x_cec.c                  0x00000000   Number         0  stm32f10x_cec.o ABSOLUTE
    Library\stm32f10x_crc.c                  0x00000000   Number         0  stm32f10x_crc.o ABSOLUTE
    Library\stm32f10x_dac.c                  0x00000000   Number         0  stm32f10x_dac.o ABSOLUTE
    Library\stm32f10x_dbgmcu.c               0x00000000   Number         0  stm32f10x_dbgmcu.o ABSOLUTE
    Library\stm32f10x_dma.c                  0x00000000   Number         0  stm32f10x_dma.o ABSOLUTE
    Library\stm32f10x_exti.c                 0x00000000   Number         0  stm32f10x_exti.o ABSOLUTE
    Library\stm32f10x_flash.c                0x00000000   Number         0  stm32f10x_flash.o ABSOLUTE
    Library\stm32f10x_fsmc.c                 0x00000000   Number         0  stm32f10x_fsmc.o ABSOLUTE
    Library\stm32f10x_gpio.c                 0x00000000   Number         0  stm32f10x_gpio.o ABSOLUTE
    Library\stm32f10x_i2c.c                  0x00000000   Number         0  stm32f10x_i2c.o ABSOLUTE
    Library\stm32f10x_iwdg.c                 0x00000000   Number         0  stm32f10x_iwdg.o ABSOLUTE
    Library\stm32f10x_pwr.c                  0x00000000   Number         0  stm32f10x_pwr.o ABSOLUTE
    Library\stm32f10x_rcc.c                  0x00000000   Number         0  stm32f10x_rcc.o ABSOLUTE
    Library\stm32f10x_rtc.c                  0x00000000   Number         0  stm32f10x_rtc.o ABSOLUTE
    Library\stm32f10x_sdio.c                 0x00000000   Number         0  stm32f10x_sdio.o ABSOLUTE
    Library\stm32f10x_spi.c                  0x00000000   Number         0  stm32f10x_spi.o ABSOLUTE
    Library\stm32f10x_tim.c                  0x00000000   Number         0  stm32f10x_tim.o ABSOLUTE
    Library\stm32f10x_usart.c                0x00000000   Number         0  stm32f10x_usart.o ABSOLUTE
    Library\stm32f10x_wwdg.c                 0x00000000   Number         0  stm32f10x_wwdg.o ABSOLUTE
    Start\\core_cm3.c                        0x00000000   Number         0  core_cm3.o ABSOLUTE
    Start\core_cm3.c                         0x00000000   Number         0  core_cm3.o ABSOLUTE
    Start\startup_stm32f10x_hd.s             0x00000000   Number         0  startup_stm32f10x_hd.o ABSOLUTE
    Start\system_stm32f10x.c                 0x00000000   Number         0  system_stm32f10x.o ABSOLUTE
    System\Delay.c                           0x00000000   Number         0  delay.o ABSOLUTE
    System\MyRTC.c                           0x00000000   Number         0  myrtc.o ABSOLUTE
    System\SysTick.c                         0x00000000   Number         0  systick.o ABSOLUTE
    UI\Font_SCh_16\my_font_SCH_16.c          0x00000000   Number         0  my_font_sch_16.o ABSOLUTE
    UI\IMG\GitHub.c                          0x00000000   Number         0  github.o ABSOLUTE
    UI\IMG\LVG_Logo.c                        0x00000000   Number         0  lvg_logo.o ABSOLUTE
    UI\IMG\TEMP_Logo.c                       0x00000000   Number         0  temp_logo.o ABSOLUTE
    UI\IMG\WIFI_Logo.c                       0x00000000   Number         0  wifi_logo.o ABSOLUTE
    User\main.c                              0x00000000   Number         0  main.o ABSOLUTE
    User\stm32f10x_it.c                      0x00000000   Number         0  stm32f10x_it.o ABSOLUTE
    cdrcmple.s                               0x00000000   Number         0  cdrcmple.o ABSOLUTE
    dc.s                                     0x00000000   Number         0  dc.o ABSOLUTE
    handlers.s                               0x00000000   Number         0  handlers.o ABSOLUTE
    init.s                                   0x00000000   Number         0  init.o ABSOLUTE
    RESET                                    0x08000000   Section      304  startup_stm32f10x_hd.o(RESET)
    .ARM.Collect$$$$00000000                 0x08000130   Section        0  entry.o(.ARM.Collect$$$$00000000)
    .ARM.Collect$$$$00000001                 0x08000130   Section        4  entry2.o(.ARM.Collect$$$$00000001)
    .ARM.Collect$$$$00000004                 0x08000134   Section        4  entry5.o(.ARM.Collect$$$$00000004)
    .ARM.Collect$$$$00000008                 0x08000138   Section        0  entry7b.o(.ARM.Collect$$$$00000008)
    .ARM.Collect$$$$0000000A                 0x08000138   Section        0  entry8b.o(.ARM.Collect$$$$0000000A)
    .ARM.Collect$$$$0000000B                 0x08000138   Section        8  entry9a.o(.ARM.Collect$$$$0000000B)
    .ARM.Collect$$$$0000000D                 0x08000140   Section        0  entry10a.o(.ARM.Collect$$$$0000000D)
    .ARM.Collect$$$$0000000F                 0x08000140   Section        0  entry11a.o(.ARM.Collect$$$$0000000F)
    .ARM.Collect$$$$00002712                 0x08000140   Section        4  entry2.o(.ARM.Collect$$$$00002712)
    __lit__00000000                          0x08000140   Data           4  entry2.o(.ARM.Collect$$$$00002712)
    .emb_text                                0x08000144   Section      150  port.o(.emb_text)
    .text                                    0x080001dc   Section       36  startup_stm32f10x_hd.o(.text)
    .text                                    0x08000200   Section        0  uldiv.o(.text)
    .text                                    0x08000262   Section        0  memseta.o(.text)
    .text                                    0x08000286   Section        0  llshl.o(.text)
    .text                                    0x080002a4   Section        0  llushr.o(.text)
    .text                                    0x080002c4   Section       36  init.o(.text)
    i.BusFault_Handler                       0x080002e8   Section        0  stm32f10x_it.o(i.BusFault_Handler)
    i.DebugMon_Handler                       0x080002ec   Section        0  stm32f10x_it.o(i.DebugMon_Handler)
    i.GPIO_Init                              0x080002ee   Section        0  stm32f10x_gpio.o(i.GPIO_Init)
    i.GPIO_ResetBits                         0x08000404   Section        0  stm32f10x_gpio.o(i.GPIO_ResetBits)
    i.GPIO_SetBits                           0x08000408   Section        0  stm32f10x_gpio.o(i.GPIO_SetBits)
    i.HardFault_Handler                      0x0800040c   Section        0  stm32f10x_it.o(i.HardFault_Handler)
    i.LoaderTask                             0x08000424   Section        0  main.o(i.LoaderTask)
    i.MemManage_Handler                      0x0800050c   Section        0  stm32f10x_it.o(i.MemManage_Handler)
    i.NMI_Handler                            0x08000510   Section        0  stm32f10x_it.o(i.NMI_Handler)
    i.NVIC_Init                              0x08000514   Section        0  misc.o(i.NVIC_Init)
    i.NVIC_PriorityGroupConfig               0x08000584   Section        0  misc.o(i.NVIC_PriorityGroupConfig)
    i.RCC_APB2PeriphClockCmd                 0x08000598   Section        0  stm32f10x_rcc.o(i.RCC_APB2PeriphClockCmd)
    i.RCC_GetClocksFreq                      0x080005b8   Section        0  stm32f10x_rcc.o(i.RCC_GetClocksFreq)
    i.SPI_Cmd                                0x0800068c   Section        0  stm32f10x_spi.o(i.SPI_Cmd)
    i.SPI_Flash_Init                         0x080006a4   Section        0  bsp_spi.o(i.SPI_Flash_Init)
    i.SPI_Flash_ReadID                       0x0800077c   Section        0  bsp_spi.o(i.SPI_Flash_ReadID)
    i.SPI_Flash_SendByte                     0x080007d0   Section        0  bsp_spi.o(i.SPI_Flash_SendByte)
    i.SPI_I2S_GetFlagStatus                  0x08000844   Section        0  stm32f10x_spi.o(i.SPI_I2S_GetFlagStatus)
    i.SPI_I2S_ReceiveData                    0x08000856   Section        0  stm32f10x_spi.o(i.SPI_I2S_ReceiveData)
    i.SPI_I2S_SendData                       0x0800085c   Section        0  stm32f10x_spi.o(i.SPI_I2S_SendData)
    i.SPI_Init                               0x08000860   Section        0  stm32f10x_spi.o(i.SPI_Init)
    i.SPI_SendByte                           0x0800089c   Section        0  w25q64.o(i.SPI_SendByte)
    SPI_SendByte                             0x0800089d   Thumb Code    12  w25q64.o(i.SPI_SendByte)
    i.SPI_TIMEOUT_UserCallback               0x080008a8   Section        0  bsp_spi.o(i.SPI_TIMEOUT_UserCallback)
    SPI_TIMEOUT_UserCallback                 0x080008a9   Thumb Code    16  bsp_spi.o(i.SPI_TIMEOUT_UserCallback)
    i.SerialFlashLoader_Start                0x080008d8   Section        0  main.o(i.SerialFlashLoader_Start)
    i.SetSysClock                            0x080009a8   Section        0  system_stm32f10x.o(i.SetSysClock)
    SetSysClock                              0x080009a9   Thumb Code     8  system_stm32f10x.o(i.SetSysClock)
    i.SetSysClockTo72                        0x080009b0   Section        0  system_stm32f10x.o(i.SetSysClockTo72)
    SetSysClockTo72                          0x080009b1   Thumb Code   214  system_stm32f10x.o(i.SetSysClockTo72)
    i.StartUpTask                            0x08000a90   Section        0  main.o(i.StartUpTask)
    i.SysTick_CLKSourceConfig                0x08000c00   Section        0  misc.o(i.SysTick_CLKSourceConfig)
    i.SysTick_Handler                        0x08000c28   Section        0  stm32f10x_it.o(i.SysTick_Handler)
    i.SysTick_Init                           0x08000c38   Section        0  systick.o(i.SysTick_Init)
    i.SystemInit                             0x08000c7c   Section        0  system_stm32f10x.o(i.SystemInit)
    i.USART1_IRQHandler                      0x08000cdc   Section        0  main.o(i.USART1_IRQHandler)
    i.USART_Cmd                              0x08000d54   Section        0  stm32f10x_usart.o(i.USART_Cmd)
    i.USART_Config                           0x08000d6c   Section        0  bsp_usart.o(i.USART_Config)
    i.USART_GetFlagStatus                    0x08000e14   Section        0  stm32f10x_usart.o(i.USART_GetFlagStatus)
    i.USART_GetITStatus                      0x08000e2e   Section        0  stm32f10x_usart.o(i.USART_GetITStatus)
    i.USART_ITConfig                         0x08000e82   Section        0  stm32f10x_usart.o(i.USART_ITConfig)
    i.USART_Init                             0x08000ecc   Section        0  stm32f10x_usart.o(i.USART_Init)
    i.USART_ReceiveData                      0x08000fa4   Section        0  stm32f10x_usart.o(i.USART_ReceiveData)
    i.USART_SendData                         0x08000fae   Section        0  stm32f10x_usart.o(i.USART_SendData)
    i.UsageFault_Handler                     0x08000fb6   Section        0  stm32f10x_it.o(i.UsageFault_Handler)
    i.W25Q64_CRC16_Update                    0x08000fba   Section        0  w25q64.o(i.W25Q64_CRC16_Update)
    i.W25Q64_CalcNextFreeAddr                0x08000ff0   Section        0  w25q64.o(i.W25Q64_CalcNextFreeAddr)
    W25Q64_CalcNextFreeAddr                  0x08000ff1   Thumb Code    66  w25q64.o(i.W25Q64_CalcNextFreeAddr)
    i.W25Q64_DirFlash                        0x08001038   Section        0  w25q64.o(i.W25Q64_DirFlash)
    W25Q64_DirFlash                          0x08001039   Thumb Code    44  w25q64.o(i.W25Q64_DirFlash)
    i.W25Q64_DirLoad                         0x0800106c   Section        0  w25q64.o(i.W25Q64_DirLoad)
    W25Q64_DirLoad                           0x0800106d   Thumb Code    18  w25q64.o(i.W25Q64_DirLoad)
    i.W25Q64_FileSysInit                     0x08001084   Section        0  w25q64.o(i.W25Q64_FileSysInit)
    i.W25Q64_FindEntryByID                   0x08001114   Section        0  w25q64.o(i.W25Q64_FindEntryByID)
    W25Q64_FindEntryByID                     0x08001115   Thumb Code    50  w25q64.o(i.W25Q64_FindEntryByID)
    i.W25Q64_FindFreeEntry                   0x0800114c   Section        0  w25q64.o(i.W25Q64_FindFreeEntry)
    W25Q64_FindFreeEntry                     0x0800114d   Thumb Code    34  w25q64.o(i.W25Q64_FindFreeEntry)
    i.W25Q64_GetFileAddr                     0x08001174   Section        0  w25q64.o(i.W25Q64_GetFileAddr)
    i.W25Q64_GetFreeSpace                    0x080011bc   Section        0  w25q64.o(i.W25Q64_GetFreeSpace)
    i.W25Q64_Init                            0x080011cc   Section        0  w25q64.o(i.W25Q64_Init)
    i.W25Q64_PageWrite                       0x080011e0   Section        0  w25q64.o(i.W25Q64_PageWrite)
    i.W25Q64_Read                            0x08001248   Section        0  w25q64.o(i.W25Q64_Read)
    i.W25Q64_ReadID                          0x080012a0   Section        0  w25q64.o(i.W25Q64_ReadID)
    i.W25Q64_ReadSR                          0x080012a8   Section        0  w25q64.o(i.W25Q64_ReadSR)
    i.W25Q64_SectorErase                     0x080012d0   Section        0  w25q64.o(i.W25Q64_SectorErase)
    i.W25Q64_StreamEnd                       0x08001310   Section        0  w25q64.o(i.W25Q64_StreamEnd)
    i.W25Q64_StreamFeed                      0x0800146c   Section        0  w25q64.o(i.W25Q64_StreamFeed)
    i.W25Q64_StreamIsDone                    0x0800156c   Section        0  w25q64.o(i.W25Q64_StreamIsDone)
    i.W25Q64_StreamStart                     0x08001588   Section        0  w25q64.o(i.W25Q64_StreamStart)
    i.W25Q64_WaitBusy                        0x08001664   Section        0  w25q64.o(i.W25Q64_WaitBusy)
    i.W25Q64_WriteEnable                     0x08001684   Section        0  w25q64.o(i.W25Q64_WriteEnable)
    i.W25Q64_WriteVariableData               0x080016a4   Section        0  w25q64.o(i.W25Q64_WriteVariableData)
    W25Q64_WriteVariableData                 0x080016a5   Thumb Code    98  w25q64.o(i.W25Q64_WriteVariableData)
    i.__0printf$8                            0x08001708   Section        0  printf8.o(i.__0printf$8)
    i.__scatterload_copy                     0x08001728   Section       14  handlers.o(i.__scatterload_copy)
    i.__scatterload_null                     0x08001736   Section        2  handlers.o(i.__scatterload_null)
    i.__scatterload_zeroinit                 0x08001738   Section       14  handlers.o(i.__scatterload_zeroinit)
    i._printf_core                           0x08001748   Section        0  printf8.o(i._printf_core)
    _printf_core                             0x08001749   Thumb Code   996  printf8.o(i._printf_core)
    i._printf_post_padding                   0x08001b58   Section        0  printf8.o(i._printf_post_padding)
    _printf_post_padding                     0x08001b59   Thumb Code    36  printf8.o(i._printf_post_padding)
    i._printf_pre_padding                    0x08001b7c   Section        0  printf8.o(i._printf_pre_padding)
    _printf_pre_padding                      0x08001b7d   Thumb Code    46  printf8.o(i._printf_pre_padding)
    i.fputc                                  0x08001bac   Section        0  bsp_usart.o(i.fputc)
    i.main                                   0x08001bd0   Section        0  main.o(i.main)
    i.my_font_SCH_16_init                    0x08001d40   Section        0  my_font_sch_16.o(i.my_font_SCH_16_init)
    i.prvAddCurrentTaskToDelayedList         0x08001df0   Section        0  tasks.o(i.prvAddCurrentTaskToDelayedList)
    prvAddCurrentTaskToDelayedList           0x08001df1   Thumb Code   124  tasks.o(i.prvAddCurrentTaskToDelayedList)
    i.prvAddNewTaskToReadyList               0x08001e88   Section        0  tasks.o(i.prvAddNewTaskToReadyList)
    prvAddNewTaskToReadyList                 0x08001e89   Thumb Code   150  tasks.o(i.prvAddNewTaskToReadyList)
    i.prvCheckTasksWaitingTermination        0x08001f3c   Section        0  tasks.o(i.prvCheckTasksWaitingTermination)
    prvCheckTasksWaitingTermination          0x08001f3d   Thumb Code    86  tasks.o(i.prvCheckTasksWaitingTermination)
    i.prvDeleteTCB                           0x08001fa0   Section        0  tasks.o(i.prvDeleteTCB)
    prvDeleteTCB                             0x08001fa1   Thumb Code    18  tasks.o(i.prvDeleteTCB)
    i.prvHeapInit                            0x08001fb4   Section        0  heap_4.o(i.prvHeapInit)
    prvHeapInit                              0x08001fb5   Thumb Code    98  heap_4.o(i.prvHeapInit)
    i.prvIdleTask                            0x08002030   Section        0  tasks.o(i.prvIdleTask)
    prvIdleTask                              0x08002031   Thumb Code    32  tasks.o(i.prvIdleTask)
    i.prvInitialiseNewTask                   0x08002058   Section        0  tasks.o(i.prvInitialiseNewTask)
    prvInitialiseNewTask                     0x08002059   Thumb Code   154  tasks.o(i.prvInitialiseNewTask)
    i.prvInitialiseTaskLists                 0x0800211c   Section        0  tasks.o(i.prvInitialiseTaskLists)
    prvInitialiseTaskLists                   0x0800211d   Thumb Code    70  tasks.o(i.prvInitialiseTaskLists)
    i.prvInsertBlockIntoFreeList             0x08002184   Section        0  heap_4.o(i.prvInsertBlockIntoFreeList)
    prvInsertBlockIntoFreeList               0x08002185   Thumb Code    96  heap_4.o(i.prvInsertBlockIntoFreeList)
    i.prvResetNextTaskUnblockTime            0x080021ec   Section        0  tasks.o(i.prvResetNextTaskUnblockTime)
    prvResetNextTaskUnblockTime              0x080021ed   Thumb Code    42  tasks.o(i.prvResetNextTaskUnblockTime)
    i.prvTaskExitError                       0x08002220   Section        0  port.o(i.prvTaskExitError)
    prvTaskExitError                         0x08002221   Thumb Code    48  port.o(i.prvTaskExitError)
    i.pvPortMalloc                           0x08002280   Section        0  heap_4.o(i.pvPortMalloc)
    i.pxPortInitialiseStack                  0x080023c8   Section        0  port.o(i.pxPortInitialiseStack)
    i.uxListRemove                           0x080023ec   Section        0  list.o(i.uxListRemove)
    i.vListInitialise                        0x08002414   Section        0  list.o(i.vListInitialise)
    i.vListInitialiseItem                    0x0800242e   Section        0  list.o(i.vListInitialiseItem)
    i.vListInsert                            0x08002434   Section        0  list.o(i.vListInsert)
    i.vListInsertEnd                         0x08002468   Section        0  list.o(i.vListInsertEnd)
    i.vPortEnterCritical                     0x08002480   Section        0  port.o(i.vPortEnterCritical)
    i.vPortExitCritical                      0x080024f8   Section        0  port.o(i.vPortExitCritical)
    i.vPortFree                              0x08002558   Section        0  heap_4.o(i.vPortFree)
    i.vPortSetupTimerInterrupt               0x08002604   Section        0  port.o(i.vPortSetupTimerInterrupt)
    i.vTaskDelay                             0x08002624   Section        0  tasks.o(i.vTaskDelay)
    i.vTaskStartScheduler                    0x0800269c   Section        0  tasks.o(i.vTaskStartScheduler)
    i.vTaskSuspendAll                        0x08002744   Section        0  tasks.o(i.vTaskSuspendAll)
    i.vTaskSwitchContext                     0x08002754   Section        0  tasks.o(i.vTaskSwitchContext)
    i.xPortStartScheduler                    0x08002800   Section        0  port.o(i.xPortStartScheduler)
    i.xPortSysTickHandler                    0x080028a0   Section        0  port.o(i.xPortSysTickHandler)
    i.xTaskCreate                            0x080028d4   Section        0  tasks.o(i.xTaskCreate)
    i.xTaskGetSchedulerState                 0x08002934   Section        0  tasks.o(i.xTaskGetSchedulerState)
    i.xTaskGetTickCount                      0x08002954   Section        0  tasks.o(i.xTaskGetTickCount)
    i.xTaskIncrementTick                     0x08002960   Section        0  tasks.o(i.xTaskIncrementTick)
    i.xTaskResumeAll                         0x08002ac4   Section        0  tasks.o(i.xTaskResumeAll)
    .conststring                             0x08002be8   Section       65  main.o(.conststring)
    .data                                    0x20000000   Section       20  stm32f10x_rcc.o(.data)
    APBAHBPrescTable                         0x20000000   Data          16  stm32f10x_rcc.o(.data)
    ADCPrescTable                            0x20000010   Data           4  stm32f10x_rcc.o(.data)
    .data                                    0x20000014   Section       20  system_stm32f10x.o(.data)
    .data                                    0x20000028   Section       60  tasks.o(.data)
    pxDelayedTaskList                        0x2000002c   Data           4  tasks.o(.data)
    pxOverflowDelayedTaskList                0x20000030   Data           4  tasks.o(.data)
    uxDeletedTasksWaitingCleanUp             0x20000034   Data           4  tasks.o(.data)
    uxCurrentNumberOfTasks                   0x20000038   Data           4  tasks.o(.data)
    xTickCount                               0x2000003c   Data           4  tasks.o(.data)
    uxTopReadyPriority                       0x20000040   Data           4  tasks.o(.data)
    xSchedulerRunning                        0x20000044   Data           4  tasks.o(.data)
    uxPendedTicks                            0x20000048   Data           4  tasks.o(.data)
    xYieldPending                            0x2000004c   Data           4  tasks.o(.data)
    xNumOfOverflows                          0x20000050   Data           4  tasks.o(.data)
    uxTaskNumber                             0x20000054   Data           4  tasks.o(.data)
    xNextTaskUnblockTime                     0x20000058   Data           4  tasks.o(.data)
    xIdleTaskHandle                          0x2000005c   Data           4  tasks.o(.data)
    uxSchedulerSuspended                     0x20000060   Data           4  tasks.o(.data)
    .data                                    0x20000064   Section       24  heap_4.o(.data)
    xStart                                   0x20000064   Data           8  heap_4.o(.data)
    pxEnd                                    0x2000006c   Data           4  heap_4.o(.data)
    xFreeBytesRemaining                      0x20000070   Data           4  heap_4.o(.data)
    xMinimumEverFreeBytesRemaining           0x20000074   Data           4  heap_4.o(.data)
    xBlockAllocatedBit                       0x20000078   Data           4  heap_4.o(.data)
    .data                                    0x2000007c   Section       12  port.o(.data)
    uxCriticalNesting                        0x2000007c   Data           4  port.o(.data)
    ucMaxSysCallPriority                     0x20000080   Data           1  port.o(.data)
    ulMaxPRIGROUPValue                       0x20000084   Data           4  port.o(.data)
    .data                                    0x20000088   Section        4  systick.o(.data)
    .data                                    0x2000008c   Section        4  bsp_spi.o(.data)
    SPITimeout                               0x2000008c   Data           4  bsp_spi.o(.data)
    .data                                    0x20000090   Section       28  w25q64.o(.data)
    g_NextFreeAddr                           0x20000090   Data           4  w25q64.o(.data)
    g_DirDirty                               0x20000094   Data           1  w25q64.o(.data)
    g_FlashAddr                              0x20000098   Data           4  w25q64.o(.data)
    g_FileID                                 0x2000009c   Data           4  w25q64.o(.data)
    g_FileSize                               0x200000a0   Data           4  w25q64.o(.data)
    g_BytesWritten                           0x200000a4   Data           4  w25q64.o(.data)
    g_LastErasedSector                       0x200000a8   Data           4  w25q64.o(.data)
    .data                                    0x200000ac   Section       20  main.o(.data)
    g_RxIdx                                  0x200000ac   Data           2  main.o(.data)
    g_LastRxTick                             0x200000b0   Data           4  main.o(.data)
    g_State                                  0x200000b4   Data           1  main.o(.data)
    .data                                    0x200000c0   Section       13  my_font_sch_16.o(.data)
    __g_xbf_hd                               0x200000c0   Data           8  my_font_sch_16.o(.data)
    __g_font_flash_addr                      0x200000c8   Data           4  my_font_sch_16.o(.data)
    __g_font_inited                          0x200000cc   Data           1  my_font_sch_16.o(.data)
    .data                                    0x200000d0   Section        4  stdout.o(.data)
    .bss                                     0x200000d4   Section      740  tasks.o(.bss)
    pxReadyTasksLists                        0x200000d4   Data         640  tasks.o(.bss)
    xDelayedTaskList1                        0x20000354   Data          20  tasks.o(.bss)
    xDelayedTaskList2                        0x20000368   Data          20  tasks.o(.bss)
    xPendingReadyList                        0x2000037c   Data          20  tasks.o(.bss)
    xTasksWaitingTermination                 0x20000390   Data          20  tasks.o(.bss)
    xSuspendedTaskList                       0x200003a4   Data          20  tasks.o(.bss)
    .bss                                     0x200003b8   Section    12288  heap_4.o(.bss)
    ucHeap                                   0x200003b8   Data       12288  heap_4.o(.bss)
    .bss                                     0x200033b8   Section     2176  w25q64.o(.bss)
    g_DirCache                               0x200033b8   Data        2176  w25q64.o(.bss)
    .bss                                     0x20003c38   Section      256  main.o(.bss)
    g_RxBuf                                  0x20003c38   Data         256  main.o(.bss)
    STACK                                    0x20003d38   Section     1024  startup_stm32f10x_hd.o(STACK)

    Global Symbols

    Symbol Name                              Value     Ov Type        Size  Object(Section)

    BuildAttributes$$THM_ISAv4$P$D$K$B$S$PE$A:L22UL41UL21$X:L11$S22US41US21$IEEE1$IW$USESV6$~STKCKD$USESV7$~SHL$OTIME$ROPI$EBA8$MICROLIB$REQ8$PRES8$EABIv2 0x00000000   Number         0  anon$$obj.o ABSOLUTE
    __ARM_use_no_argv                        0x00000000   Number         0  main.o ABSOLUTE
    _printf_a                                0x00000000   Number         0  stubs.o ABSOLUTE
    _printf_c                                0x00000000   Number         0  stubs.o ABSOLUTE
    _printf_charcount                        0x00000000   Number         0  stubs.o ABSOLUTE
    _printf_d                                0x00000000   Number         0  stubs.o ABSOLUTE
    _printf_e                                0x00000000   Number         0  stubs.o ABSOLUTE
    _printf_f                                0x00000000   Number         0  stubs.o ABSOLUTE
    _printf_flags                            0x00000000   Number         0  stubs.o ABSOLUTE
    _printf_fp_dec                           0x00000000   Number         0  stubs.o ABSOLUTE
    _printf_fp_hex                           0x00000000   Number         0  stubs.o ABSOLUTE
    _printf_g                                0x00000000   Number         0  stubs.o ABSOLUTE
    _printf_i                                0x00000000   Number         0  stubs.o ABSOLUTE
    _printf_int_dec                          0x00000000   Number         0  stubs.o ABSOLUTE
    _printf_l                                0x00000000   Number         0  stubs.o ABSOLUTE
    _printf_lc                               0x00000000   Number         0  stubs.o ABSOLUTE
    _printf_ll                               0x00000000   Number         0  stubs.o ABSOLUTE
    _printf_lld                              0x00000000   Number         0  stubs.o ABSOLUTE
    _printf_lli                              0x00000000   Number         0  stubs.o ABSOLUTE
    _printf_llo                              0x00000000   Number         0  stubs.o ABSOLUTE
    _printf_llu                              0x00000000   Number         0  stubs.o ABSOLUTE
    _printf_llx                              0x00000000   Number         0  stubs.o ABSOLUTE
    _printf_longlong_dec                     0x00000000   Number         0  stubs.o ABSOLUTE
    _printf_longlong_hex                     0x00000000   Number         0  stubs.o ABSOLUTE
    _printf_longlong_oct                     0x00000000   Number         0  stubs.o ABSOLUTE
    _printf_ls                               0x00000000   Number         0  stubs.o ABSOLUTE
    _printf_mbtowc                           0x00000000   Number         0  stubs.o ABSOLUTE
    _printf_n                                0x00000000   Number         0  stubs.o ABSOLUTE
    _printf_o                                0x00000000   Number         0  stubs.o ABSOLUTE
    _printf_p                                0x00000000   Number         0  stubs.o ABSOLUTE
    _printf_percent                          0x00000000   Number         0  stubs.o ABSOLUTE
    _printf_pre_padding                      0x00000000   Number         0  stubs.o ABSOLUTE
    _printf_return_value                     0x00000000   Number         0  stubs.o ABSOLUTE
    _printf_s                                0x00000000   Number         0  stubs.o ABSOLUTE
    _printf_sizespec                         0x00000000   Number         0  stubs.o ABSOLUTE
    _printf_str                              0x00000000   Number         0  stubs.o ABSOLUTE
    _printf_truncate_signed                  0x00000000   Number         0  stubs.o ABSOLUTE
    _printf_truncate_unsigned                0x00000000   Number         0  stubs.o ABSOLUTE
    _printf_u                                0x00000000   Number         0  stubs.o ABSOLUTE
    _printf_wc                               0x00000000   Number         0  stubs.o ABSOLUTE
    _printf_wctomb                           0x00000000   Number         0  stubs.o ABSOLUTE
    _printf_widthprec                        0x00000000   Number         0  stubs.o ABSOLUTE
    _printf_x                                0x00000000   Number         0  stubs.o ABSOLUTE
    __cpp_initialize__aeabi_                  - Undefined Weak Reference
    __cxa_finalize                            - Undefined Weak Reference
    __decompress                              - Undefined Weak Reference
    _clock_init                               - Undefined Weak Reference
    _microlib_exit                            - Undefined Weak Reference
    __Vectors_Size                           0x00000130   Number         0  startup_stm32f10x_hd.o ABSOLUTE
    __Vectors                                0x08000000   Data           4  startup_stm32f10x_hd.o(RESET)
    __Vectors_End                            0x08000130   Data           0  startup_stm32f10x_hd.o(RESET)
    __main                                   0x08000131   Thumb Code     0  entry.o(.ARM.Collect$$$$00000000)
    _main_stk                                0x08000131   Thumb Code     0  entry2.o(.ARM.Collect$$$$00000001)
    _main_scatterload                        0x08000135   Thumb Code     0  entry5.o(.ARM.Collect$$$$00000004)
    __main_after_scatterload                 0x08000139   Thumb Code     0  entry5.o(.ARM.Collect$$$$00000004)
    _main_clock                              0x08000139   Thumb Code     0  entry7b.o(.ARM.Collect$$$$00000008)
    _main_cpp_init                           0x08000139   Thumb Code     0  entry8b.o(.ARM.Collect$$$$0000000A)
    _main_init                               0x08000139   Thumb Code     0  entry9a.o(.ARM.Collect$$$$0000000B)
    __rt_final_cpp                           0x08000141   Thumb Code     0  entry10a.o(.ARM.Collect$$$$0000000D)
    __rt_final_exit                          0x08000141   Thumb Code     0  entry11a.o(.ARM.Collect$$$$0000000F)
    SVC_Handler                              0x08000145   Thumb Code    32  port.o(.emb_text)
    __asm___6_port_c_39a90d8d__prvStartFirstTask 0x08000169   Thumb Code    28  port.o(.emb_text)
    PendSV_Handler                           0x08000189   Thumb Code    72  port.o(.emb_text)
    vPortGetIPSR                             0x080001d5   Thumb Code     6  port.o(.emb_text)
    Reset_Handler                            0x080001dd   Thumb Code     8  startup_stm32f10x_hd.o(.text)
    ADC1_2_IRQHandler                        0x080001f7   Thumb Code     0  startup_stm32f10x_hd.o(.text)
    ADC3_IRQHandler                          0x080001f7   Thumb Code     0  startup_stm32f10x_hd.o(.text)
    CAN1_RX1_IRQHandler                      0x080001f7   Thumb Code     0  startup_stm32f10x_hd.o(.text)
    CAN1_SCE_IRQHandler                      0x080001f7   Thumb Code     0  startup_stm32f10x_hd.o(.text)
    DMA1_Channel1_IRQHandler                 0x080001f7   Thumb Code     0  startup_stm32f10x_hd.o(.text)
    DMA1_Channel2_IRQHandler                 0x080001f7   Thumb Code     0  startup_stm32f10x_hd.o(.text)
    DMA1_Channel3_IRQHandler                 0x080001f7   Thumb Code     0  startup_stm32f10x_hd.o(.text)
    DMA1_Channel4_IRQHandler                 0x080001f7   Thumb Code     0  startup_stm32f10x_hd.o(.text)
    DMA1_Channel5_IRQHandler                 0x080001f7   Thumb Code     0  startup_stm32f10x_hd.o(.text)
    DMA1_Channel6_IRQHandler                 0x080001f7   Thumb Code     0  startup_stm32f10x_hd.o(.text)
    DMA1_Channel7_IRQHandler                 0x080001f7   Thumb Code     0  startup_stm32f10x_hd.o(.text)
    DMA2_Channel1_IRQHandler                 0x080001f7   Thumb Code     0  startup_stm32f10x_hd.o(.text)
    DMA2_Channel2_IRQHandler                 0x080001f7   Thumb Code     0  startup_stm32f10x_hd.o(.text)
    DMA2_Channel3_IRQHandler                 0x080001f7   Thumb Code     0  startup_stm32f10x_hd.o(.text)
    DMA2_Channel4_5_IRQHandler               0x080001f7   Thumb Code     0  startup_stm32f10x_hd.o(.text)
    EXTI0_IRQHandler                         0x080001f7   Thumb Code     0  startup_stm32f10x_hd.o(.text)
    EXTI15_10_IRQHandler                     0x080001f7   Thumb Code     0  startup_stm32f10x_hd.o(.text)
    EXTI1_IRQHandler                         0x080001f7   Thumb Code     0  startup_stm32f10x_hd.o(.text)
    EXTI2_IRQHandler                         0x080001f7   Thumb Code     0  startup_stm32f10x_hd.o(.text)
    EXTI3_IRQHandler                         0x080001f7   Thumb Code     0  startup_stm32f10x_hd.o(.text)
    EXTI4_IRQHandler                         0x080001f7   Thumb Code     0  startup_stm32f10x_hd.o(.text)
    EXTI9_5_IRQHandler                       0x080001f7   Thumb Code     0  startup_stm32f10x_hd.o(.text)
    FLASH_IRQHandler                         0x080001f7   Thumb Code     0  startup_stm32f10x_hd.o(.text)
    FSMC_IRQHandler                          0x080001f7   Thumb Code     0  startup_stm32f10x_hd.o(.text)
    I2C1_ER_IRQHandler                       0x080001f7   Thumb Code     0  startup_stm32f10x_hd.o(.text)
    I2C1_EV_IRQHandler                       0x080001f7   Thumb Code     0  startup_stm32f10x_hd.o(.text)
    I2C2_ER_IRQHandler                       0x080001f7   Thumb Code     0  startup_stm32f10x_hd.o(.text)
    I2C2_EV_IRQHandler                       0x080001f7   Thumb Code     0  startup_stm32f10x_hd.o(.text)
    PVD_IRQHandler                           0x080001f7   Thumb Code     0  startup_stm32f10x_hd.o(.text)
    RCC_IRQHandler                           0x080001f7   Thumb Code     0  startup_stm32f10x_hd.o(.text)
    RTCAlarm_IRQHandler                      0x080001f7   Thumb Code     0  startup_stm32f10x_hd.o(.text)
    RTC_IRQHandler                           0x080001f7   Thumb Code     0  startup_stm32f10x_hd.o(.text)
    SDIO_IRQHandler                          0x080001f7   Thumb Code     0  startup_stm32f10x_hd.o(.text)
    SPI1_IRQHandler                          0x080001f7   Thumb Code     0  startup_stm32f10x_hd.o(.text)
    SPI2_IRQHandler                          0x080001f7   Thumb Code     0  startup_stm32f10x_hd.o(.text)
    SPI3_IRQHandler                          0x080001f7   Thumb Code     0  startup_stm32f10x_hd.o(.text)
    TAMPER_IRQHandler                        0x080001f7   Thumb Code     0  startup_stm32f10x_hd.o(.text)
    TIM1_BRK_IRQHandler                      0x080001f7   Thumb Code     0  startup_stm32f10x_hd.o(.text)
    TIM1_CC_IRQHandler                       0x080001f7   Thumb Code     0  startup_stm32f10x_hd.o(.text)
    TIM1_TRG_COM_IRQHandler                  0x080001f7   Thumb Code     0  startup_stm32f10x_hd.o(.text)
    TIM1_UP_IRQHandler                       0x080001f7   Thumb Code     0  startup_stm32f10x_hd.o(.text)
    TIM2_IRQHandler                          0x080001f7   Thumb Code     0  startup_stm32f10x_hd.o(.text)
    TIM3_IRQHandler                          0x080001f7   Thumb Code     0  startup_stm32f10x_hd.o(.text)
    TIM4_IRQHandler                          0x080001f7   Thumb Code     0  startup_stm32f10x_hd.o(.text)
    TIM5_IRQHandler                          0x080001f7   Thumb Code     0  startup_stm32f10x_hd.o(.text)
    TIM6_IRQHandler                          0x080001f7   Thumb Code     0  startup_stm32f10x_hd.o(.text)
    TIM7_IRQHandler                          0x080001f7   Thumb Code     0  startup_stm32f10x_hd.o(.text)
    TIM8_BRK_IRQHandler                      0x080001f7   Thumb Code     0  startup_stm32f10x_hd.o(.text)
    TIM8_CC_IRQHandler                       0x080001f7   Thumb Code     0  startup_stm32f10x_hd.o(.text)
    TIM8_TRG_COM_IRQHandler                  0x080001f7   Thumb Code     0  startup_stm32f10x_hd.o(.text)
    TIM8_UP_IRQHandler                       0x080001f7   Thumb Code     0  startup_stm32f10x_hd.o(.text)
    UART4_IRQHandler                         0x080001f7   Thumb Code     0  startup_stm32f10x_hd.o(.text)
    UART5_IRQHandler                         0x080001f7   Thumb Code     0  startup_stm32f10x_hd.o(.text)
    USART2_IRQHandler                        0x080001f7   Thumb Code     0  startup_stm32f10x_hd.o(.text)
    USART3_IRQHandler                        0x080001f7   Thumb Code     0  startup_stm32f10x_hd.o(.text)
    USBWakeUp_IRQHandler                     0x080001f7   Thumb Code     0  startup_stm32f10x_hd.o(.text)
    USB_HP_CAN1_TX_IRQHandler                0x080001f7   Thumb Code     0  startup_stm32f10x_hd.o(.text)
    USB_LP_CAN1_RX0_IRQHandler               0x080001f7   Thumb Code     0  startup_stm32f10x_hd.o(.text)
    WWDG_IRQHandler                          0x080001f7   Thumb Code     0  startup_stm32f10x_hd.o(.text)
    __aeabi_uldivmod                         0x08000201   Thumb Code    98  uldiv.o(.text)
    __aeabi_memset                           0x08000263   Thumb Code    14  memseta.o(.text)
    __aeabi_memset4                          0x08000263   Thumb Code     0  memseta.o(.text)
    __aeabi_memset8                          0x08000263   Thumb Code     0  memseta.o(.text)
    __aeabi_memclr                           0x08000271   Thumb Code     4  memseta.o(.text)
    __aeabi_memclr4                          0x08000271   Thumb Code     0  memseta.o(.text)
    __aeabi_memclr8                          0x08000271   Thumb Code     0  memseta.o(.text)
    _memset$wrapper                          0x08000275   Thumb Code    18  memseta.o(.text)
    __aeabi_llsl                             0x08000287   Thumb Code    30  llshl.o(.text)
    _ll_shift_l                              0x08000287   Thumb Code     0  llshl.o(.text)
    __aeabi_llsr                             0x080002a5   Thumb Code    32  llushr.o(.text)
    _ll_ushift_r                             0x080002a5   Thumb Code     0  llushr.o(.text)
    __scatterload                            0x080002c5   Thumb Code    28  init.o(.text)
    __scatterload_rt2                        0x080002c5   Thumb Code     0  init.o(.text)
    BusFault_Handler                         0x080002e9   Thumb Code     4  stm32f10x_it.o(i.BusFault_Handler)
    DebugMon_Handler                         0x080002ed   Thumb Code     2  stm32f10x_it.o(i.DebugMon_Handler)
    GPIO_Init                                0x080002ef   Thumb Code   278  stm32f10x_gpio.o(i.GPIO_Init)
    GPIO_ResetBits                           0x08000405   Thumb Code     4  stm32f10x_gpio.o(i.GPIO_ResetBits)
    GPIO_SetBits                             0x08000409   Thumb Code     4  stm32f10x_gpio.o(i.GPIO_SetBits)
    HardFault_Handler                        0x0800040d   Thumb Code    10  stm32f10x_it.o(i.HardFault_Handler)
    LoaderTask                               0x08000425   Thumb Code   138  main.o(i.LoaderTask)
    MemManage_Handler                        0x0800050d   Thumb Code     4  stm32f10x_it.o(i.MemManage_Handler)
    NMI_Handler                              0x08000511   Thumb Code     2  stm32f10x_it.o(i.NMI_Handler)
    NVIC_Init                                0x08000515   Thumb Code   100  misc.o(i.NVIC_Init)
    NVIC_PriorityGroupConfig                 0x08000585   Thumb Code    10  misc.o(i.NVIC_PriorityGroupConfig)
    RCC_APB2PeriphClockCmd                   0x08000599   Thumb Code    26  stm32f10x_rcc.o(i.RCC_APB2PeriphClockCmd)
    RCC_GetClocksFreq                        0x080005b9   Thumb Code   192  stm32f10x_rcc.o(i.RCC_GetClocksFreq)
    SPI_Cmd                                  0x0800068d   Thumb Code    24  stm32f10x_spi.o(i.SPI_Cmd)
    SPI_Flash_Init                           0x080006a5   Thumb Code   202  bsp_spi.o(i.SPI_Flash_Init)
    SPI_Flash_ReadID                         0x0800077d   Thumb Code    80  bsp_spi.o(i.SPI_Flash_ReadID)
    SPI_Flash_SendByte                       0x080007d1   Thumb Code   106  bsp_spi.o(i.SPI_Flash_SendByte)
    SPI_I2S_GetFlagStatus                    0x08000845   Thumb Code    18  stm32f10x_spi.o(i.SPI_I2S_GetFlagStatus)
    SPI_I2S_ReceiveData                      0x08000857   Thumb Code     6  stm32f10x_spi.o(i.SPI_I2S_ReceiveData)
    SPI_I2S_SendData                         0x0800085d   Thumb Code     4  stm32f10x_spi.o(i.SPI_I2S_SendData)
    SPI_Init                                 0x08000861   Thumb Code    60  stm32f10x_spi.o(i.SPI_Init)
    SerialFlashLoader_Start                  0x080008d9   Thumb Code    70  main.o(i.SerialFlashLoader_Start)
    StartUpTask                              0x08000a91   Thumb Code   104  main.o(i.StartUpTask)
    SysTick_CLKSourceConfig                  0x08000c01   Thumb Code    40  misc.o(i.SysTick_CLKSourceConfig)
    SysTick_Handler                          0x08000c29   Thumb Code    16  stm32f10x_it.o(i.SysTick_Handler)
    SysTick_Init                             0x08000c39   Thumb Code    62  systick.o(i.SysTick_Init)
    SystemInit                               0x08000c7d   Thumb Code    78  system_stm32f10x.o(i.SystemInit)
    USART1_IRQHandler                        0x08000cdd   Thumb Code   100  main.o(i.USART1_IRQHandler)
    USART_Cmd                                0x08000d55   Thumb Code    24  stm32f10x_usart.o(i.USART_Cmd)
    USART_Config                             0x08000d6d   Thumb Code   158  bsp_usart.o(i.USART_Config)
    USART_GetFlagStatus                      0x08000e15   Thumb Code    26  stm32f10x_usart.o(i.USART_GetFlagStatus)
    USART_GetITStatus                        0x08000e2f   Thumb Code    84  stm32f10x_usart.o(i.USART_GetITStatus)
    USART_ITConfig                           0x08000e83   Thumb Code    74  stm32f10x_usart.o(i.USART_ITConfig)
    USART_Init                               0x08000ecd   Thumb Code   210  stm32f10x_usart.o(i.USART_Init)
    USART_ReceiveData                        0x08000fa5   Thumb Code    10  stm32f10x_usart.o(i.USART_ReceiveData)
    USART_SendData                           0x08000faf   Thumb Code     8  stm32f10x_usart.o(i.USART_SendData)
    UsageFault_Handler                       0x08000fb7   Thumb Code     4  stm32f10x_it.o(i.UsageFault_Handler)
    W25Q64_CRC16_Update                      0x08000fbb   Thumb Code    52  w25q64.o(i.W25Q64_CRC16_Update)
    W25Q64_FileSysInit                       0x08001085   Thumb Code    48  w25q64.o(i.W25Q64_FileSysInit)
    W25Q64_GetFileAddr                       0x08001175   Thumb Code    66  w25q64.o(i.W25Q64_GetFileAddr)
    W25Q64_GetFreeSpace                      0x080011bd   Thumb Code    16  w25q64.o(i.W25Q64_GetFreeSpace)
    W25Q64_Init                              0x080011cd   Thumb Code    16  w25q64.o(i.W25Q64_Init)
    W25Q64_PageWrite                         0x080011e1   Thumb Code   100  w25q64.o(i.W25Q64_PageWrite)
    W25Q64_Read                              0x08001249   Thumb Code    82  w25q64.o(i.W25Q64_Read)
    W25Q64_ReadID                            0x080012a1   Thumb Code     8  w25q64.o(i.W25Q64_ReadID)
    W25Q64_ReadSR                            0x080012a9   Thumb Code    36  w25q64.o(i.W25Q64_ReadSR)
    W25Q64_SectorErase                       0x080012d1   Thumb Code    58  w25q64.o(i.W25Q64_SectorErase)
    W25Q64_StreamEnd                         0x08001311   Thumb Code   222  w25q64.o(i.W25Q64_StreamEnd)
    W25Q64_StreamFeed                        0x0800146d   Thumb Code   202  w25q64.o(i.W25Q64_StreamFeed)
    W25Q64_StreamIsDone                      0x0800156d   Thumb Code    20  w25q64.o(i.W25Q64_StreamIsDone)
    W25Q64_StreamStart                       0x08001589   Thumb Code   112  w25q64.o(i.W25Q64_StreamStart)
    W25Q64_WaitBusy                          0x08001665   Thumb Code    32  w25q64.o(i.W25Q64_WaitBusy)
    W25Q64_WriteEnable                       0x08001685   Thumb Code    26  w25q64.o(i.W25Q64_WriteEnable)
    __0printf$8                              0x08001709   Thumb Code    22  printf8.o(i.__0printf$8)
    __1printf$8                              0x08001709   Thumb Code     0  printf8.o(i.__0printf$8)
    __2printf                                0x08001709   Thumb Code     0  printf8.o(i.__0printf$8)
    __scatterload_copy                       0x08001729   Thumb Code    14  handlers.o(i.__scatterload_copy)
    __scatterload_null                       0x08001737   Thumb Code     2  handlers.o(i.__scatterload_null)
    __scatterload_zeroinit                   0x08001739   Thumb Code    14  handlers.o(i.__scatterload_zeroinit)
    fputc                                    0x08001bad   Thumb Code    32  bsp_usart.o(i.fputc)
    main                                     0x08001bd1   Thumb Code   108  main.o(i.main)
    my_font_SCH_16_init                      0x08001d41   Thumb Code    46  my_font_sch_16.o(i.my_font_SCH_16_init)
    pvPortMalloc                             0x08002281   Thumb Code   262  heap_4.o(i.pvPortMalloc)
    pxPortInitialiseStack                    0x080023c9   Thumb Code    30  port.o(i.pxPortInitialiseStack)
    uxListRemove                             0x080023ed   Thumb Code    40  list.o(i.uxListRemove)
    vListInitialise                          0x08002415   Thumb Code    26  list.o(i.vListInitialise)
    vListInitialiseItem                      0x0800242f   Thumb Code     6  list.o(i.vListInitialiseItem)
    vListInsert                              0x08002435   Thumb Code    52  list.o(i.vListInsert)
    vListInsertEnd                           0x08002469   Thumb Code    24  list.o(i.vListInsertEnd)
    vPortEnterCritical                       0x08002481   Thumb Code    68  port.o(i.vPortEnterCritical)
    vPortExitCritical                        0x080024f9   Thumb Code    48  port.o(i.vPortExitCritical)
    vPortFree                                0x08002559   Thumb Code   120  heap_4.o(i.vPortFree)
    vPortSetupTimerInterrupt                 0x08002605   Thumb Code    26  port.o(i.vPortSetupTimerInterrupt)
    vTaskDelay                               0x08002625   Thumb Code    72  tasks.o(i.vTaskDelay)
    vTaskStartScheduler                      0x0800269d   Thumb Code    98  tasks.o(i.vTaskStartScheduler)
    vTaskSuspendAll                          0x08002745   Thumb Code    12  tasks.o(i.vTaskSuspendAll)
    vTaskSwitchContext                       0x08002755   Thumb Code   110  tasks.o(i.vTaskSwitchContext)
    xPortStartScheduler                      0x08002801   Thumb Code   140  port.o(i.xPortStartScheduler)
    xPortSysTickHandler                      0x080028a1   Thumb Code    46  port.o(i.xPortSysTickHandler)
    xTaskCreate                              0x080028d5   Thumb Code    96  tasks.o(i.xTaskCreate)
    xTaskGetSchedulerState                   0x08002935   Thumb Code    24  tasks.o(i.xTaskGetSchedulerState)
    xTaskGetTickCount                        0x08002955   Thumb Code     6  tasks.o(i.xTaskGetTickCount)
    xTaskIncrementTick                       0x08002961   Thumb Code   272  tasks.o(i.xTaskIncrementTick)
    xTaskResumeAll                           0x08002ac5   Thumb Code   214  tasks.o(i.xTaskResumeAll)
    Region$$Table$$Base                      0x08002c2c   Number         0  anon$$obj.o(Region$$Table)
    Region$$Table$$Limit                     0x08002c4c   Number         0  anon$$obj.o(Region$$Table)
    SystemCoreClock                          0x20000014   Data           4  system_stm32f10x.o(.data)
    AHBPrescTable                            0x20000018   Data          16  system_stm32f10x.o(.data)
    pxCurrentTCB                             0x20000028   Data           4  tasks.o(.data)
    CurrentFrequency                         0x20000088   Data           4  systick.o(.data)
    LoaderTask_Handle                        0x200000b8   Data           4  main.o(.data)
    StartUpTask_Handle                       0x200000bc   Data           4  main.o(.data)
    __stdout                                 0x200000d0   Data           4  stdout.o(.data)
    __initial_sp                             0x20004138   Data           0  startup_stm32f10x_hd.o(STACK)



==============================================================================

Memory Map of the image

  Image Entry point : 0x08000131

  Load Region LR_IROM1 (Base: 0x08000000, Size: 0x00002d20, Max: 0x00080000, ABSOLUTE)

    Execution Region ER_IROM1 (Exec base: 0x08000000, Load base: 0x08000000, Size: 0x00002c4c, Max: 0x00080000, ABSOLUTE)

    Exec Addr    Load Addr    Size         Type   Attr      Idx    E Section Name        Object

    0x08000000   0x08000000   0x00000130   Data   RO         3138    RESET               startup_stm32f10x_hd.o
    0x08000130   0x08000130   0x00000000   Code   RO        35696  * .ARM.Collect$$$$00000000  mc_w.l(entry.o)
    0x08000130   0x08000130   0x00000004   Code   RO        36003    .ARM.Collect$$$$00000001  mc_w.l(entry2.o)
    0x08000134   0x08000134   0x00000004   Code   RO        36006    .ARM.Collect$$$$00000004  mc_w.l(entry5.o)
    0x08000138   0x08000138   0x00000000   Code   RO        36008    .ARM.Collect$$$$00000008  mc_w.l(entry7b.o)
    0x08000138   0x08000138   0x00000000   Code   RO        36010    .ARM.Collect$$$$0000000A  mc_w.l(entry8b.o)
    0x08000138   0x08000138   0x00000008   Code   RO        36011    .ARM.Collect$$$$0000000B  mc_w.l(entry9a.o)
    0x08000140   0x08000140   0x00000000   Code   RO        36013    .ARM.Collect$$$$0000000D  mc_w.l(entry10a.o)
    0x08000140   0x08000140   0x00000000   Code   RO        36015    .ARM.Collect$$$$0000000F  mc_w.l(entry11a.o)
    0x08000140   0x08000140   0x00000004   Code   RO        36004    .ARM.Collect$$$$00002712  mc_w.l(entry2.o)
    0x08000144   0x08000144   0x00000096   Code   RO         3881    .emb_text           port.o
    0x080001da   0x080001da   0x00000002   PAD
    0x080001dc   0x080001dc   0x00000024   Code   RO         3139    .text               startup_stm32f10x_hd.o
    0x08000200   0x08000200   0x00000062   Code   RO        35699    .text               mc_w.l(uldiv.o)
    0x08000262   0x08000262   0x00000024   Code   RO        35710    .text               mc_w.l(memseta.o)
    0x08000286   0x08000286   0x0000001e   Code   RO        36020    .text               mc_w.l(llshl.o)
    0x080002a4   0x080002a4   0x00000020   Code   RO        36022    .text               mc_w.l(llushr.o)
    0x080002c4   0x080002c4   0x00000024   Code   RO        36039    .text               mc_w.l(init.o)
    0x080002e8   0x080002e8   0x00000004   Code   RO        35187    i.BusFault_Handler  stm32f10x_it.o
    0x080002ec   0x080002ec   0x00000002   Code   RO        35188    i.DebugMon_Handler  stm32f10x_it.o
    0x080002ee   0x080002ee   0x00000116   Code   RO         1276    i.GPIO_Init         stm32f10x_gpio.o
    0x08000404   0x08000404   0x00000004   Code   RO         1283    i.GPIO_ResetBits    stm32f10x_gpio.o
    0x08000408   0x08000408   0x00000004   Code   RO         1284    i.GPIO_SetBits      stm32f10x_gpio.o
    0x0800040c   0x0800040c   0x00000018   Code   RO        35189    i.HardFault_Handler  stm32f10x_it.o
    0x08000424   0x08000424   0x000000e8   Code   RO        35112    i.LoaderTask        main.o
    0x0800050c   0x0800050c   0x00000004   Code   RO        35190    i.MemManage_Handler  stm32f10x_it.o
    0x08000510   0x08000510   0x00000002   Code   RO        35191    i.NMI_Handler       stm32f10x_it.o
    0x08000512   0x08000512   0x00000002   PAD
    0x08000514   0x08000514   0x00000070   Code   RO            1    i.NVIC_Init         misc.o
    0x08000584   0x08000584   0x00000014   Code   RO            2    i.NVIC_PriorityGroupConfig  misc.o
    0x08000598   0x08000598   0x00000020   Code   RO         1706    i.RCC_APB2PeriphClockCmd  stm32f10x_rcc.o
    0x080005b8   0x080005b8   0x000000d4   Code   RO         1714    i.RCC_GetClocksFreq  stm32f10x_rcc.o
    0x0800068c   0x0800068c   0x00000018   Code   RO         2192    i.SPI_Cmd           stm32f10x_spi.o
    0x080006a4   0x080006a4   0x000000d8   Code   RO        34800    i.SPI_Flash_Init    bsp_spi.o
    0x0800077c   0x0800077c   0x00000054   Code   RO        34802    i.SPI_Flash_ReadID  bsp_spi.o
    0x080007d0   0x080007d0   0x00000074   Code   RO        34803    i.SPI_Flash_SendByte  bsp_spi.o
    0x08000844   0x08000844   0x00000012   Code   RO         2200    i.SPI_I2S_GetFlagStatus  stm32f10x_spi.o
    0x08000856   0x08000856   0x00000006   Code   RO         2203    i.SPI_I2S_ReceiveData  stm32f10x_spi.o
    0x0800085c   0x0800085c   0x00000004   Code   RO         2204    i.SPI_I2S_SendData  stm32f10x_spi.o
    0x08000860   0x08000860   0x0000003c   Code   RO         2205    i.SPI_Init          stm32f10x_spi.o
    0x0800089c   0x0800089c   0x0000000c   Code   RO        34923    i.SPI_SendByte      w25q64.o
    0x080008a8   0x080008a8   0x00000030   Code   RO        34804    i.SPI_TIMEOUT_UserCallback  bsp_spi.o
    0x080008d8   0x080008d8   0x000000d0   Code   RO        35113    i.SerialFlashLoader_Start  main.o
    0x080009a8   0x080009a8   0x00000008   Code   RO         3143    i.SetSysClock       system_stm32f10x.o
    0x080009b0   0x080009b0   0x000000e0   Code   RO         3144    i.SetSysClockTo72   system_stm32f10x.o
    0x08000a90   0x08000a90   0x00000170   Code   RO        35114    i.StartUpTask       main.o
    0x08000c00   0x08000c00   0x00000028   Code   RO            5    i.SysTick_CLKSourceConfig  misc.o
    0x08000c28   0x08000c28   0x00000010   Code   RO        35192    i.SysTick_Handler   stm32f10x_it.o
    0x08000c38   0x08000c38   0x00000044   Code   RO        34480    i.SysTick_Init      systick.o
    0x08000c7c   0x08000c7c   0x00000060   Code   RO         3146    i.SystemInit        system_stm32f10x.o
    0x08000cdc   0x08000cdc   0x00000078   Code   RO        35115    i.USART1_IRQHandler  main.o
    0x08000d54   0x08000d54   0x00000018   Code   RO         2889    i.USART_Cmd         stm32f10x_usart.o
    0x08000d6c   0x08000d6c   0x000000a8   Code   RO        34684    i.USART_Config      bsp_usart.o
    0x08000e14   0x08000e14   0x0000001a   Code   RO         2892    i.USART_GetFlagStatus  stm32f10x_usart.o
    0x08000e2e   0x08000e2e   0x00000054   Code   RO         2893    i.USART_GetITStatus  stm32f10x_usart.o
    0x08000e82   0x08000e82   0x0000004a   Code   RO         2895    i.USART_ITConfig    stm32f10x_usart.o
    0x08000ecc   0x08000ecc   0x000000d8   Code   RO         2896    i.USART_Init        stm32f10x_usart.o
    0x08000fa4   0x08000fa4   0x0000000a   Code   RO         2903    i.USART_ReceiveData  stm32f10x_usart.o
    0x08000fae   0x08000fae   0x00000008   Code   RO         2906    i.USART_SendData    stm32f10x_usart.o
    0x08000fb6   0x08000fb6   0x00000004   Code   RO        35193    i.UsageFault_Handler  stm32f10x_it.o
    0x08000fba   0x08000fba   0x00000034   Code   RO        34926    i.W25Q64_CRC16_Update  w25q64.o
    0x08000fee   0x08000fee   0x00000002   PAD
    0x08000ff0   0x08000ff0   0x00000048   Code   RO        34927    i.W25Q64_CalcNextFreeAddr  w25q64.o
    0x08001038   0x08001038   0x00000034   Code   RO        34929    i.W25Q64_DirFlash   w25q64.o
    0x0800106c   0x0800106c   0x00000018   Code   RO        34930    i.W25Q64_DirLoad    w25q64.o
    0x08001084   0x08001084   0x00000090   Code   RO        34933    i.W25Q64_FileSysInit  w25q64.o
    0x08001114   0x08001114   0x00000038   Code   RO        34935    i.W25Q64_FindEntryByID  w25q64.o
    0x0800114c   0x0800114c   0x00000028   Code   RO        34936    i.W25Q64_FindFreeEntry  w25q64.o
    0x08001174   0x08001174   0x00000048   Code   RO        34938    i.W25Q64_GetFileAddr  w25q64.o
    0x080011bc   0x080011bc   0x00000010   Code   RO        34939    i.W25Q64_GetFreeSpace  w25q64.o
    0x080011cc   0x080011cc   0x00000014   Code   RO        34940    i.W25Q64_Init       w25q64.o
    0x080011e0   0x080011e0   0x00000068   Code   RO        34941    i.W25Q64_PageWrite  w25q64.o
    0x08001248   0x08001248   0x00000058   Code   RO        34942    i.W25Q64_Read       w25q64.o
    0x080012a0   0x080012a0   0x00000008   Code   RO        34943    i.W25Q64_ReadID     w25q64.o
    0x080012a8   0x080012a8   0x00000028   Code   RO        34944    i.W25Q64_ReadSR     w25q64.o
    0x080012d0   0x080012d0   0x00000040   Code   RO        34945    i.W25Q64_SectorErase  w25q64.o
    0x08001310   0x08001310   0x0000015c   Code   RO        34946    i.W25Q64_StreamEnd  w25q64.o
    0x0800146c   0x0800146c   0x00000100   Code   RO        34947    i.W25Q64_StreamFeed  w25q64.o
    0x0800156c   0x0800156c   0x0000001c   Code   RO        34948    i.W25Q64_StreamIsDone  w25q64.o
    0x08001588   0x08001588   0x000000dc   Code   RO        34949    i.W25Q64_StreamStart  w25q64.o
    0x08001664   0x08001664   0x00000020   Code   RO        34950    i.W25Q64_WaitBusy   w25q64.o
    0x08001684   0x08001684   0x00000020   Code   RO        34951    i.W25Q64_WriteEnable  w25q64.o
    0x080016a4   0x080016a4   0x00000062   Code   RO        34952    i.W25Q64_WriteVariableData  w25q64.o
    0x08001706   0x08001706   0x00000002   PAD
    0x08001708   0x08001708   0x00000020   Code   RO        35931    i.__0printf$8       mc_w.l(printf8.o)
    0x08001728   0x08001728   0x0000000e   Code   RO        36043    i.__scatterload_copy  mc_w.l(handlers.o)
    0x08001736   0x08001736   0x00000002   Code   RO        36044    i.__scatterload_null  mc_w.l(handlers.o)
    0x08001738   0x08001738   0x0000000e   Code   RO        36045    i.__scatterload_zeroinit  mc_w.l(handlers.o)
    0x08001746   0x08001746   0x00000002   PAD
    0x08001748   0x08001748   0x00000410   Code   RO        35938    i._printf_core      mc_w.l(printf8.o)
    0x08001b58   0x08001b58   0x00000024   Code   RO        35939    i._printf_post_padding  mc_w.l(printf8.o)
    0x08001b7c   0x08001b7c   0x0000002e   Code   RO        35940    i._printf_pre_padding  mc_w.l(printf8.o)
    0x08001baa   0x08001baa   0x00000002   PAD
    0x08001bac   0x08001bac   0x00000024   Code   RO        34686    i.fputc             bsp_usart.o
    0x08001bd0   0x08001bd0   0x00000170   Code   RO        35116    i.main              main.o
    0x08001d40   0x08001d40   0x000000b0   Code   RO        35277    i.my_font_SCH_16_init  my_font_sch_16.o
    0x08001df0   0x08001df0   0x00000098   Code   RO         3521    i.prvAddCurrentTaskToDelayedList  tasks.o
    0x08001e88   0x08001e88   0x000000b4   Code   RO         3522    i.prvAddNewTaskToReadyList  tasks.o
    0x08001f3c   0x08001f3c   0x00000064   Code   RO         3523    i.prvCheckTasksWaitingTermination  tasks.o
    0x08001fa0   0x08001fa0   0x00000012   Code   RO         3524    i.prvDeleteTCB      tasks.o
    0x08001fb2   0x08001fb2   0x00000002   PAD
    0x08001fb4   0x08001fb4   0x0000007c   Code   RO         3811    i.prvHeapInit       heap_4.o
    0x08002030   0x08002030   0x00000028   Code   RO         3525    i.prvIdleTask       tasks.o
    0x08002058   0x08002058   0x000000c4   Code   RO         3526    i.prvInitialiseNewTask  tasks.o
    0x0800211c   0x0800211c   0x00000068   Code   RO         3527    i.prvInitialiseTaskLists  tasks.o
    0x08002184   0x08002184   0x00000068   Code   RO         3812    i.prvInsertBlockIntoFreeList  heap_4.o
    0x080021ec   0x080021ec   0x00000034   Code   RO         3528    i.prvResetNextTaskUnblockTime  tasks.o
    0x08002220   0x08002220   0x00000060   Code   RO         3882    i.prvTaskExitError  port.o
    0x08002280   0x08002280   0x00000148   Code   RO         3813    i.pvPortMalloc      heap_4.o
    0x080023c8   0x080023c8   0x00000024   Code   RO         3883    i.pxPortInitialiseStack  port.o
    0x080023ec   0x080023ec   0x00000028   Code   RO         3336    i.uxListRemove      list.o
    0x08002414   0x08002414   0x0000001a   Code   RO         3337    i.vListInitialise   list.o
    0x0800242e   0x0800242e   0x00000006   Code   RO         3338    i.vListInitialiseItem  list.o
    0x08002434   0x08002434   0x00000034   Code   RO         3339    i.vListInsert       list.o
    0x08002468   0x08002468   0x00000018   Code   RO         3340    i.vListInsertEnd    list.o
    0x08002480   0x08002480   0x00000078   Code   RO         3885    i.vPortEnterCritical  port.o
    0x080024f8   0x080024f8   0x00000060   Code   RO         3886    i.vPortExitCritical  port.o
    0x08002558   0x08002558   0x000000ac   Code   RO         3814    i.vPortFree         heap_4.o
    0x08002604   0x08002604   0x00000020   Code   RO         3887    i.vPortSetupTimerInterrupt  port.o
    0x08002624   0x08002624   0x00000078   Code   RO         3535    i.vTaskDelay        tasks.o
    0x0800269c   0x0800269c   0x000000a8   Code   RO         3546    i.vTaskStartScheduler  tasks.o
    0x08002744   0x08002744   0x00000010   Code   RO         3548    i.vTaskSuspendAll   tasks.o
    0x08002754   0x08002754   0x000000ac   Code   RO         3549    i.vTaskSwitchContext  tasks.o
    0x08002800   0x08002800   0x000000a0   Code   RO         3889    i.xPortStartScheduler  port.o
    0x080028a0   0x080028a0   0x00000034   Code   RO         3890    i.xPortSysTickHandler  port.o
    0x080028d4   0x080028d4   0x00000060   Code   RO         3551    i.xTaskCreate       tasks.o
    0x08002934   0x08002934   0x00000020   Code   RO         3554    i.xTaskGetSchedulerState  tasks.o
    0x08002954   0x08002954   0x0000000c   Code   RO         3555    i.xTaskGetTickCount  tasks.o
    0x08002960   0x08002960   0x00000164   Code   RO         3557    i.xTaskIncrementTick  tasks.o
    0x08002ac4   0x08002ac4   0x00000124   Code   RO         3562    i.xTaskResumeAll    tasks.o
    0x08002be8   0x08002be8   0x00000041   Data   RO        35118    .conststring        main.o
    0x08002c29   0x08002c29   0x00000003   PAD
    0x08002c2c   0x08002c2c   0x00000020   Data   RO        36041    Region$$Table       anon$$obj.o


    Execution Region RW_IRAM1 (Exec base: 0x20000000, Load base: 0x08002c4c, Size: 0x00004138, Max: 0x00010000, ABSOLUTE)

    Exec Addr    Load Addr    Size         Type   Attr      Idx    E Section Name        Object

    0x20000000   0x08002c4c   0x00000014   Data   RW         1734    .data               stm32f10x_rcc.o
    0x20000014   0x08002c60   0x00000014   Data   RW         3147    .data               system_stm32f10x.o
    0x20000028   0x08002c74   0x0000003c   Data   RW         3565    .data               tasks.o
    0x20000064   0x08002cb0   0x00000018   Data   RW         3819    .data               heap_4.o
    0x2000007c   0x08002cc8   0x0000000c   Data   RW         3891    .data               port.o
    0x20000088   0x08002cd4   0x00000004   Data   RW        34481    .data               systick.o
    0x2000008c   0x08002cd8   0x00000004   Data   RW        34805    .data               bsp_spi.o
    0x20000090   0x08002cdc   0x0000001c   Data   RW        34955    .data               w25q64.o
    0x200000ac   0x08002cf8   0x00000014   Data   RW        35119    .data               main.o
    0x200000c0   0x08002d0c   0x0000000d   Data   RW        35280    .data               my_font_sch_16.o
    0x200000cd   0x08002d19   0x00000003   PAD
    0x200000d0   0x08002d1c   0x00000004   Data   RW        36017    .data               mc_w.l(stdout.o)
    0x200000d4        -       0x000002e4   Zero   RW         3564    .bss                tasks.o
    0x200003b8        -       0x00003000   Zero   RW         3818    .bss                heap_4.o
    0x200033b8        -       0x00000880   Zero   RW        34953    .bss                w25q64.o
    0x20003c38        -       0x00000100   Zero   RW        35117    .bss                main.o
    0x20003d38        -       0x00000400   Zero   RW         3136    STACK               startup_stm32f10x_hd.o


==============================================================================

Image component sizes


      Code (inc. data)   RO Data    RW Data    ZI Data      Debug   Object Name

       464         60          0          4          0      17953   bsp_spi.o
       204         14          0          0          0       2403   bsp_usart.o
         0          0          0          0          0         32   core_cm3.o
         0          0          0          0          0       7136   croutine.o
         0          0          0          0          0       1476   event_groups.o
       728        152          0         24      12288       5755   heap_4.o
       148          0          0          0          0       2990   list.o
      1296        776         65         20        256      11095   main.o
       172         22          0          0          0     234177   misc.o
       176        130          0         13          0       5579   my_font_sch_16.o
       742        198          0         12          0       9096   port.o
        36          8        304          0       1024        824   startup_stm32f10x_hd.o
         0          0          0          0          0       1652   stm32f10x_adc.o
       286          0          0          0          0      11180   stm32f10x_gpio.o
        56         14          0          0          0       2935   stm32f10x_it.o
       244         26          0         20          0      12417   stm32f10x_rcc.o
       112          0          0          0          0      10458   stm32f10x_spi.o
       442          6          0          0          0      11833   stm32f10x_usart.o
       328         28          0         20          0       2085   system_stm32f10x.o
        68          6          0          4          0        730   systick.o
      2106        526          0         60        740      22082   tasks.o
      1878        460          0         28       2176      15079   w25q64.o

    ----------------------------------------------------------------------
      9496       2426        404        208      16484     388967   Object Totals
         0          0         32          0          0          0   (incl. Generated)
        10          0          3          3          0          0   (incl. Padding)

    ----------------------------------------------------------------------

      Code (inc. data)   RO Data    RW Data    ZI Data      Debug   Library Member Name

         0          0          0          0          0          0   entry.o
         0          0          0          0          0          0   entry10a.o
         0          0          0          0          0          0   entry11a.o
         8          4          0          0          0          0   entry2.o
         4          0          0          0          0          0   entry5.o
         0          0          0          0          0          0   entry7b.o
         0          0          0          0          0          0   entry8b.o
         8          4          0          0          0          0   entry9a.o
        30          0          0          0          0          0   handlers.o
        36          8          0          0          0         68   init.o
        30          0          0          0          0         68   llshl.o
        32          0          0          0          0         68   llushr.o
        36          0          0          0          0        108   memseta.o
      1154         54          0          0          0        352   printf8.o
         0          0          0          4          0          0   stdout.o
        98          0          0          0          0         92   uldiv.o

    ----------------------------------------------------------------------
      1440         70          0          4          0        756   Library Totals
         4          0          0          0          0          0   (incl. Padding)

    ----------------------------------------------------------------------

      Code (inc. data)   RO Data    RW Data    ZI Data      Debug   Library Name

      1436         70          0          4          0        756   mc_w.l

    ----------------------------------------------------------------------
      1440         70          0          4          0        756   Library Totals

    ----------------------------------------------------------------------

==============================================================================


      Code (inc. data)   RO Data    RW Data    ZI Data      Debug   

     10936       2496        404        212      16484     384519   Grand Totals
     10936       2496        404        212      16484     384519   ELF Image Totals
     10936       2496        404        212          0          0   ROM Totals

==============================================================================

    Total RO  Size (Code + RO Data)                11340 (  11.07kB)
    Total RW  Size (RW Data + ZI Data)             16696 (  16.30kB)
    Total ROM Size (Code + RO Data + RW Data)      11552 (  11.28kB)

==============================================================================

